interactions:
- request:
    body: null
    headers:
      Accept:
      - '*/*'
      Accept-Encoding:
      - gzip, deflate
      Connection:
      - keep-alive
      Content-Type:
      - application/json
      User-Agent:
      - ms-fabric-cli-test/1.1.0
    method: GET
    uri: https://api.fabric.microsoft.com/v1/workspaces
  response:
    body:
      string: '{"value": [{"id": "3634a139-2c9e-4205-910b-3b089a31be47", "displayName":
        "My workspace", "description": "", "type": "Personal"}, {"id": "d62c3503-0747-4c2f-a989-2fa627d67e8f",
        "displayName": "fabriccli_WorkspacePerTestclass_000001", "description": "Created
        by fab", "type": "Workspace", "capacityId": "00000000-0000-0000-0000-000000000004"}]}'
    headers:
      Access-Control-Expose-Headers:
      - RequestId
      Cache-Control:
      - no-store, must-revalidate, no-cache
      Content-Encoding:
      - gzip
      Content-Length:
      - '817'
      Content-Type:
      - application/json; charset=utf-8
      Date:
      - Tue, 23 Sep 2025 14:03:20 GMT
      Pragma:
      - no-cache
      RequestId:
      - 1a764440-e80e-4988-8bd0-89cf5f345dfc
      Strict-Transport-Security:
      - max-age=31536000; includeSubDomains
      X-Content-Type-Options:
      - nosniff
      X-Frame-Options:
      - deny
      home-cluster-uri:
      - https://wabi-us-central-b-primary-redirect.analysis.windows.net/
      request-redirected:
      - 'true'
    status:
      code: 200
      message: OK
- request:
    body: null
    headers:
      Accept:
      - '*/*'
      Accept-Encoding:
      - gzip, deflate
      Connection:
      - keep-alive
      Content-Type:
      - application/json
      User-Agent:
      - ms-fabric-cli-test/1.1.0
    method: GET
    uri: https://api.fabric.microsoft.com/v1/workspaces
  response:
    body:
      string: '{"value": [{"id": "3634a139-2c9e-4205-910b-3b089a31be47", "displayName":
        "My workspace", "description": "", "type": "Personal"}, {"id": "d62c3503-0747-4c2f-a989-2fa627d67e8f",
        "displayName": "fabriccli_WorkspacePerTestclass_000001", "description": "Created
        by fab", "type": "Workspace", "capacityId": "00000000-0000-0000-0000-000000000004"}]}'
    headers:
      Access-Control-Expose-Headers:
      - RequestId
      Cache-Control:
      - no-store, must-revalidate, no-cache
      Content-Encoding:
      - gzip
      Content-Length:
      - '817'
      Content-Type:
      - application/json; charset=utf-8
      Date:
      - Tue, 23 Sep 2025 14:03:21 GMT
      Pragma:
      - no-cache
      RequestId:
      - 9526e090-a613-4e54-b975-d4513051f1a5
      Strict-Transport-Security:
      - max-age=31536000; includeSubDomains
      X-Content-Type-Options:
      - nosniff
      X-Frame-Options:
      - deny
      home-cluster-uri:
      - https://wabi-us-central-b-primary-redirect.analysis.windows.net/
      request-redirected:
      - 'true'
    status:
      code: 200
      message: OK
- request:
    body: null
    headers:
      Accept:
      - '*/*'
      Accept-Encoding:
      - gzip, deflate
      Connection:
      - keep-alive
      Content-Type:
      - application/json
      User-Agent:
      - ms-fabric-cli-test/1.1.0
    method: GET
    uri: https://api.fabric.microsoft.com/v1/capacities
  response:
    body:
      string: '{"value": [{"id": "00000000-0000-0000-0000-000000000004", "displayName":
        "mocked_fabriccli_capacity_name", "sku": "F2", "region": "Central US", "state":
        "Active"}]}'
    headers:
      Access-Control-Expose-Headers:
      - RequestId
      Cache-Control:
      - no-store, must-revalidate, no-cache
      Content-Encoding:
      - gzip
      Content-Length:
      - '271'
      Content-Type:
      - application/json; charset=utf-8
      Date:
      - Tue, 23 Sep 2025 14:03:25 GMT
      Pragma:
      - no-cache
      RequestId:
      - b2c6f6fe-bc1c-47b9-a3e9-828f67cb0f1e
      Strict-Transport-Security:
      - max-age=31536000; includeSubDomains
      X-Content-Type-Options:
      - nosniff
      X-Frame-Options:
      - deny
      home-cluster-uri:
      - https://wabi-us-central-b-primary-redirect.analysis.windows.net/
      request-redirected:
      - 'true'
    status:
      code: 200
      message: OK
- request:
    body: '{"description": "Created by fab", "displayName": "fabcli000001", "capacityId":
      "00000000-0000-0000-0000-000000000004"}'
    headers:
      Accept:
      - '*/*'
      Accept-Encoding:
      - gzip, deflate
      Connection:
      - keep-alive
      Content-Length:
      - '122'
      Content-Type:
      - application/json
      User-Agent:
      - ms-fabric-cli-test/1.1.0
    method: POST
    uri: https://api.fabric.microsoft.com/v1/workspaces
  response:
    body:
      string: '{"id": "e9586982-e180-44c1-a252-20708314648f", "displayName": "fabcli000001",
        "description": "Created by fab", "type": "Workspace", "capacityId": "00000000-0000-0000-0000-000000000004"}'
    headers:
      Access-Control-Expose-Headers:
      - RequestId,Location
      Cache-Control:
      - no-store, must-revalidate, no-cache
      Content-Encoding:
      - gzip
      Content-Length:
      - '167'
      Content-Type:
      - application/json; charset=utf-8
      Date:
      - Tue, 23 Sep 2025 14:03:33 GMT
      Location:
      - https://api.fabric.microsoft.com/v1/workspaces/e9586982-e180-44c1-a252-20708314648f
      Pragma:
      - no-cache
      RequestId:
      - a1000c6c-aa93-437d-b9b8-c9553e164957
      Strict-Transport-Security:
      - max-age=31536000; includeSubDomains
      X-Content-Type-Options:
      - nosniff
      X-Frame-Options:
      - deny
      home-cluster-uri:
      - https://wabi-us-central-b-primary-redirect.analysis.windows.net/
      request-redirected:
      - 'true'
    status:
      code: 201
      message: Created
- request:
    body: null
    headers:
      Accept:
      - '*/*'
      Accept-Encoding:
      - gzip, deflate
      Connection:
      - keep-alive
      Content-Type:
      - application/json
      User-Agent:
      - ms-fabric-cli-test/1.1.0
    method: GET
    uri: https://api.fabric.microsoft.com/v1/workspaces
  response:
    body:
      string: '{"value": [{"id": "3634a139-2c9e-4205-910b-3b089a31be47", "displayName":
        "My workspace", "description": "", "type": "Personal"}, {"id": "d62c3503-0747-4c2f-a989-2fa627d67e8f",
        "displayName": "fabriccli_WorkspacePerTestclass_000001", "description": "Created
        by fab", "type": "Workspace", "capacityId": "00000000-0000-0000-0000-000000000004"},
        {"id": "e9586982-e180-44c1-a252-20708314648f", "displayName": "fabcli000001",
        "description": "Created by fab", "type": "Workspace", "capacityId": "00000000-0000-0000-0000-000000000004"}]}'
    headers:
      Access-Control-Expose-Headers:
      - RequestId
      Cache-Control:
      - no-store, must-revalidate, no-cache
      Content-Encoding:
      - gzip
      Content-Length:
      - '853'
      Content-Type:
      - application/json; charset=utf-8
      Date:
      - Tue, 23 Sep 2025 14:03:35 GMT
      Pragma:
      - no-cache
      RequestId:
      - 6aca0172-581b-4119-b021-049016a128cc
      Strict-Transport-Security:
      - max-age=31536000; includeSubDomains
      X-Content-Type-Options:
      - nosniff
      X-Frame-Options:
      - deny
      home-cluster-uri:
      - https://wabi-us-central-b-primary-redirect.analysis.windows.net/
      request-redirected:
      - 'true'
    status:
      code: 200
      message: OK
- request:
    body: null
    headers:
      Accept:
      - '*/*'
      Accept-Encoding:
      - gzip, deflate
      Connection:
      - keep-alive
      Content-Type:
      - application/json
      User-Agent:
      - ms-fabric-cli-test/1.1.0
    method: GET
    uri: https://api.fabric.microsoft.com/v1/workspaces
  response:
    body:
      string: '{"value": [{"id": "3634a139-2c9e-4205-910b-3b089a31be47", "displayName":
        "My workspace", "description": "", "type": "Personal"}, {"id": "d62c3503-0747-4c2f-a989-2fa627d67e8f",
        "displayName": "fabriccli_WorkspacePerTestclass_000001", "description": "Created
        by fab", "type": "Workspace", "capacityId": "00000000-0000-0000-0000-000000000004"},
        {"id": "e9586982-e180-44c1-a252-20708314648f", "displayName": "fabcli000001",
        "description": "Created by fab", "type": "Workspace", "capacityId": "00000000-0000-0000-0000-000000000004"}]}'
    headers:
      Access-Control-Expose-Headers:
      - RequestId
      Cache-Control:
      - no-store, must-revalidate, no-cache
      Content-Encoding:
      - gzip
      Content-Length:
      - '853'
      Content-Type:
      - application/json; charset=utf-8
      Date:
      - Tue, 23 Sep 2025 14:03:36 GMT
      Pragma:
      - no-cache
      RequestId:
      - 377d0254-0db9-458c-a373-754023d68546
      Strict-Transport-Security:
      - max-age=31536000; includeSubDomains
      X-Content-Type-Options:
      - nosniff
      X-Frame-Options:
      - deny
      home-cluster-uri:
      - https://wabi-us-central-b-primary-redirect.analysis.windows.net/
      request-redirected:
      - 'true'
    status:
      code: 200
      message: OK
- request:
    body: null
    headers:
      Accept:
      - '*/*'
      Accept-Encoding:
      - gzip, deflate
      Connection:
      - keep-alive
      Content-Type:
      - application/json
      User-Agent:
      - ms-fabric-cli-test/1.1.0
    method: GET
    uri: https://api.fabric.microsoft.com/v1/capacities
  response:
    body:
      string: '{"value": [{"id": "00000000-0000-0000-0000-000000000004", "displayName":
        "mocked_fabriccli_capacity_name", "sku": "F2", "region": "Central US", "state":
        "Active"}]}'
    headers:
      Access-Control-Expose-Headers:
      - RequestId
      Cache-Control:
      - no-store, must-revalidate, no-cache
      Content-Encoding:
      - gzip
      Content-Length:
      - '271'
      Content-Type:
      - application/json; charset=utf-8
      Date:
      - Tue, 23 Sep 2025 14:03:42 GMT
      Pragma:
      - no-cache
      RequestId:
      - dd68a6a9-9988-4efc-a6d2-5edc8e5a1b50
      Strict-Transport-Security:
      - max-age=31536000; includeSubDomains
      X-Content-Type-Options:
      - nosniff
      X-Frame-Options:
      - deny
      home-cluster-uri:
      - https://wabi-us-central-b-primary-redirect.analysis.windows.net/
      request-redirected:
      - 'true'
    status:
      code: 200
      message: OK
- request:
    body: '{"description": "Created by fab", "displayName": "fabcli000002", "capacityId":
      "00000000-0000-0000-0000-000000000004"}'
    headers:
      Accept:
      - '*/*'
      Accept-Encoding:
      - gzip, deflate
      Connection:
      - keep-alive
      Content-Length:
      - '122'
      Content-Type:
      - application/json
      User-Agent:
      - ms-fabric-cli-test/1.1.0
    method: POST
    uri: https://api.fabric.microsoft.com/v1/workspaces
  response:
    body:
      string: '{"id": "af03279a-2206-471a-bda0-c9e7a51eee6c", "displayName": "fabcli000002",
        "description": "Created by fab", "type": "Workspace", "capacityId": "00000000-0000-0000-0000-000000000004"}'
    headers:
      Access-Control-Expose-Headers:
      - RequestId,Location
      Cache-Control:
      - no-store, must-revalidate, no-cache
      Content-Encoding:
      - gzip
      Content-Length:
      - '165'
      Content-Type:
      - application/json; charset=utf-8
      Date:
      - Tue, 23 Sep 2025 14:03:48 GMT
      Location:
      - https://api.fabric.microsoft.com/v1/workspaces/af03279a-2206-471a-bda0-c9e7a51eee6c
      Pragma:
      - no-cache
      RequestId:
      - 22ccb47e-25cc-4efc-b819-28376b0fa006
      Strict-Transport-Security:
      - max-age=31536000; includeSubDomains
      X-Content-Type-Options:
      - nosniff
      X-Frame-Options:
      - deny
      home-cluster-uri:
      - https://wabi-us-central-b-primary-redirect.analysis.windows.net/
      request-redirected:
      - 'true'
    status:
      code: 201
      message: Created
- request:
    body: null
    headers:
      Accept:
      - '*/*'
      Accept-Encoding:
      - gzip, deflate
      Connection:
      - keep-alive
      Content-Type:
      - application/json
      User-Agent:
      - ms-fabric-cli-test/1.1.0
    method: GET
    uri: https://api.fabric.microsoft.com/v1/workspaces
  response:
    body:
      string: '{"value": [{"id": "3634a139-2c9e-4205-910b-3b089a31be47", "displayName":
        "My workspace", "description": "", "type": "Personal"}, {"id": "d62c3503-0747-4c2f-a989-2fa627d67e8f",
        "displayName": "fabriccli_WorkspacePerTestclass_000001", "description": "Created
        by fab", "type": "Workspace", "capacityId": "00000000-0000-0000-0000-000000000004"},
        {"id": "e9586982-e180-44c1-a252-20708314648f", "displayName": "fabcli000001",
        "description": "Created by fab", "type": "Workspace", "capacityId": "00000000-0000-0000-0000-000000000004"},
        {"id": "af03279a-2206-471a-bda0-c9e7a51eee6c", "displayName": "fabcli000002",
        "description": "Created by fab", "type": "Workspace", "capacityId": "00000000-0000-0000-0000-000000000004"}]}'
    headers:
      Access-Control-Expose-Headers:
      - RequestId
      Cache-Control:
      - no-store, must-revalidate, no-cache
      Content-Encoding:
      - gzip
      Content-Length:
      - '890'
      Content-Type:
      - application/json; charset=utf-8
      Date:
      - Tue, 23 Sep 2025 14:03:49 GMT
      Pragma:
      - no-cache
      RequestId:
      - f0867ab4-c9cb-4e8c-ada1-b0d814cf488c
      Strict-Transport-Security:
      - max-age=31536000; includeSubDomains
      X-Content-Type-Options:
      - nosniff
      X-Frame-Options:
      - deny
      home-cluster-uri:
      - https://wabi-us-central-b-primary-redirect.analysis.windows.net/
      request-redirected:
      - 'true'
    status:
      code: 200
      message: OK
- request:
    body: null
    headers:
      Accept:
      - '*/*'
      Accept-Encoding:
      - gzip, deflate
      Connection:
      - keep-alive
      Content-Type:
      - application/json
      User-Agent:
      - ms-fabric-cli-test/1.1.0
    method: GET
    uri: https://api.fabric.microsoft.com/v1/workspaces/e9586982-e180-44c1-a252-20708314648f/folders?recursive=True
  response:
    body:
      string: '{"value": []}'
    headers:
      Access-Control-Expose-Headers:
      - RequestId
      Cache-Control:
      - no-store, must-revalidate, no-cache
      Content-Encoding:
      - gzip
      Content-Length:
      - '32'
      Content-Type:
      - application/json; charset=utf-8
      Date:
      - Tue, 23 Sep 2025 14:03:50 GMT
      Pragma:
      - no-cache
      RequestId:
      - bd81c06c-1410-4e42-b54a-d460d5c93f75
      Strict-Transport-Security:
      - max-age=31536000; includeSubDomains
      X-Content-Type-Options:
      - nosniff
      X-Frame-Options:
      - deny
      home-cluster-uri:
      - https://wabi-us-central-b-primary-redirect.analysis.windows.net/
      request-redirected:
      - 'true'
    status:
      code: 200
      message: OK
- request:
    body: null
    headers:
      Accept:
      - '*/*'
      Accept-Encoding:
      - gzip, deflate
      Connection:
      - keep-alive
      Content-Type:
      - application/json
      User-Agent:
      - ms-fabric-cli-test/1.1.0
    method: GET
    uri: https://api.fabric.microsoft.com/v1/workspaces/e9586982-e180-44c1-a252-20708314648f/folders?recursive=True
  response:
    body:
      string: '{"value": []}'
    headers:
      Access-Control-Expose-Headers:
      - RequestId
      Cache-Control:
      - no-store, must-revalidate, no-cache
      Content-Encoding:
      - gzip
      Content-Length:
      - '32'
      Content-Type:
      - application/json; charset=utf-8
      Date:
      - Tue, 23 Sep 2025 14:03:50 GMT
      Pragma:
      - no-cache
      RequestId:
      - d6f98c7f-3224-4829-be7a-436e904c0aea
      Strict-Transport-Security:
      - max-age=31536000; includeSubDomains
      X-Content-Type-Options:
      - nosniff
      X-Frame-Options:
      - deny
      home-cluster-uri:
      - https://wabi-us-central-b-primary-redirect.analysis.windows.net/
      request-redirected:
      - 'true'
    status:
      code: 200
      message: OK
- request:
    body: '{"description": "Created by fab", "displayName": "fabcli000003"}'
    headers:
      Accept:
      - '*/*'
      Accept-Encoding:
      - gzip, deflate
      Connection:
      - keep-alive
      Content-Length:
      - '68'
      Content-Type:
      - application/json
      User-Agent:
      - ms-fabric-cli-test/1.1.0
    method: POST
    uri: https://api.fabric.microsoft.com/v1/workspaces/e9586982-e180-44c1-a252-20708314648f/folders
  response:
    body:
      string: '{"id": "d7fa5d6a-f00c-4779-81c1-183b7698cbde", "displayName": "fabcli000003",
        "workspaceId": "e9586982-e180-44c1-a252-20708314648f"}'
    headers:
      Access-Control-Expose-Headers:
      - RequestId,Location
      Cache-Control:
      - no-store, must-revalidate, no-cache
      Content-Encoding:
      - gzip
      Content-Length:
      - '133'
      Content-Type:
      - application/json; charset=utf-8
      Date:
      - Tue, 23 Sep 2025 14:03:50 GMT
      Location:
      - https://api.fabric.microsoft.com/v1/workspaces/e9586982-e180-44c1-a252-20708314648f/folders/d7fa5d6a-f00c-4779-81c1-183b7698cbde
      Pragma:
      - no-cache
      RequestId:
      - 4eb47cc6-7699-47c8-b4e9-77614d924f8a
      Strict-Transport-Security:
      - max-age=31536000; includeSubDomains
      X-Content-Type-Options:
      - nosniff
      X-Frame-Options:
      - deny
      home-cluster-uri:
      - https://wabi-us-central-b-primary-redirect.analysis.windows.net/
      request-redirected:
      - 'true'
    status:
      code: 201
      message: Created
- request:
    body: null
    headers:
      Accept:
      - '*/*'
      Accept-Encoding:
      - gzip, deflate
      Connection:
      - keep-alive
      Content-Type:
      - application/json
      User-Agent:
      - ms-fabric-cli-test/1.1.0
    method: GET
    uri: https://api.fabric.microsoft.com/v1/workspaces
  response:
    body:
      string: '{"value": [{"id": "3634a139-2c9e-4205-910b-3b089a31be47", "displayName":
        "My workspace", "description": "", "type": "Personal"}, {"id": "d62c3503-0747-4c2f-a989-2fa627d67e8f",
        "displayName": "fabriccli_WorkspacePerTestclass_000001", "description": "Created
        by fab", "type": "Workspace", "capacityId": "00000000-0000-0000-0000-000000000004"},
        {"id": "e9586982-e180-44c1-a252-20708314648f", "displayName": "fabcli000001",
        "description": "Created by fab", "type": "Workspace", "capacityId": "00000000-0000-0000-0000-000000000004"},
        {"id": "af03279a-2206-471a-bda0-c9e7a51eee6c", "displayName": "fabcli000002",
        "description": "Created by fab", "type": "Workspace", "capacityId": "00000000-0000-0000-0000-000000000004"}]}'
    headers:
      Access-Control-Expose-Headers:
      - RequestId
      Cache-Control:
      - no-store, must-revalidate, no-cache
      Content-Encoding:
      - gzip
      Content-Length:
      - '890'
      Content-Type:
      - application/json; charset=utf-8
      Date:
      - Tue, 23 Sep 2025 14:03:51 GMT
      Pragma:
      - no-cache
      RequestId:
      - d7ca20e5-3516-4692-a50a-b03a9c4bae49
      Strict-Transport-Security:
      - max-age=31536000; includeSubDomains
      X-Content-Type-Options:
      - nosniff
      X-Frame-Options:
      - deny
      home-cluster-uri:
      - https://wabi-us-central-b-primary-redirect.analysis.windows.net/
      request-redirected:
      - 'true'
    status:
      code: 200
      message: OK
- request:
    body: null
    headers:
      Accept:
      - '*/*'
      Accept-Encoding:
      - gzip, deflate
      Connection:
      - keep-alive
      Content-Type:
      - application/json
      User-Agent:
      - ms-fabric-cli-test/1.1.0
    method: GET
    uri: https://api.fabric.microsoft.com/v1/workspaces/af03279a-2206-471a-bda0-c9e7a51eee6c/folders?recursive=True
  response:
    body:
      string: '{"value": []}'
    headers:
      Access-Control-Expose-Headers:
      - RequestId
      Cache-Control:
      - no-store, must-revalidate, no-cache
      Content-Encoding:
      - gzip
      Content-Length:
      - '32'
      Content-Type:
      - application/json; charset=utf-8
      Date:
      - Tue, 23 Sep 2025 14:03:52 GMT
      Pragma:
      - no-cache
      RequestId:
      - f6314e8d-5cbd-44a2-9199-3887ef7e229e
      Strict-Transport-Security:
      - max-age=31536000; includeSubDomains
      X-Content-Type-Options:
      - nosniff
      X-Frame-Options:
      - deny
      home-cluster-uri:
      - https://wabi-us-central-b-primary-redirect.analysis.windows.net/
      request-redirected:
      - 'true'
    status:
      code: 200
      message: OK
- request:
    body: null
    headers:
      Accept:
      - '*/*'
      Accept-Encoding:
      - gzip, deflate
      Connection:
      - keep-alive
      Content-Type:
      - application/json
      User-Agent:
      - ms-fabric-cli-test/1.1.0
    method: GET
    uri: https://api.fabric.microsoft.com/v1/workspaces/af03279a-2206-471a-bda0-c9e7a51eee6c/folders?recursive=True
  response:
    body:
      string: '{"value": []}'
    headers:
      Access-Control-Expose-Headers:
      - RequestId
      Cache-Control:
      - no-store, must-revalidate, no-cache
      Content-Encoding:
      - gzip
      Content-Length:
      - '32'
      Content-Type:
      - application/json; charset=utf-8
      Date:
      - Tue, 23 Sep 2025 14:03:52 GMT
      Pragma:
      - no-cache
      RequestId:
      - d22809c4-b6f4-4702-a32d-961c28109669
      Strict-Transport-Security:
      - max-age=31536000; includeSubDomains
      X-Content-Type-Options:
      - nosniff
      X-Frame-Options:
      - deny
      home-cluster-uri:
      - https://wabi-us-central-b-primary-redirect.analysis.windows.net/
      request-redirected:
      - 'true'
    status:
      code: 200
      message: OK
- request:
    body: '{"description": "Created by fab", "displayName": "fabcli000004"}'
    headers:
      Accept:
      - '*/*'
      Accept-Encoding:
      - gzip, deflate
      Connection:
      - keep-alive
      Content-Length:
      - '68'
      Content-Type:
      - application/json
      User-Agent:
      - ms-fabric-cli-test/1.1.0
    method: POST
    uri: https://api.fabric.microsoft.com/v1/workspaces/af03279a-2206-471a-bda0-c9e7a51eee6c/folders
  response:
    body:
      string: '{"id": "5f71fce4-0d88-47a1-8e69-15a6065103df", "displayName": "fabcli000004",
        "workspaceId": "af03279a-2206-471a-bda0-c9e7a51eee6c"}'
    headers:
      Access-Control-Expose-Headers:
      - RequestId,Location
      Cache-Control:
      - no-store, must-revalidate, no-cache
      Content-Encoding:
      - gzip
      Content-Length:
      - '133'
      Content-Type:
      - application/json; charset=utf-8
      Date:
      - Tue, 23 Sep 2025 14:03:52 GMT
      Location:
      - https://api.fabric.microsoft.com/v1/workspaces/af03279a-2206-471a-bda0-c9e7a51eee6c/folders/5f71fce4-0d88-47a1-8e69-15a6065103df
      Pragma:
      - no-cache
      RequestId:
      - 24420fd9-e71d-4afd-ae70-bbc1914d98df
      Strict-Transport-Security:
      - max-age=31536000; includeSubDomains
      X-Content-Type-Options:
      - nosniff
      X-Frame-Options:
      - deny
      home-cluster-uri:
      - https://wabi-us-central-b-primary-redirect.analysis.windows.net/
      request-redirected:
      - 'true'
    status:
      code: 201
      message: Created
- request:
    body: null
    headers:
      Accept:
      - '*/*'
      Accept-Encoding:
      - gzip, deflate
      Connection:
      - keep-alive
      Content-Type:
      - application/json
      User-Agent:
      - ms-fabric-cli-test/1.1.0
    method: GET
    uri: https://api.fabric.microsoft.com/v1/workspaces
  response:
    body:
      string: '{"value": [{"id": "3634a139-2c9e-4205-910b-3b089a31be47", "displayName":
        "My workspace", "description": "", "type": "Personal"}, {"id": "d62c3503-0747-4c2f-a989-2fa627d67e8f",
        "displayName": "fabriccli_WorkspacePerTestclass_000001", "description": "Created
        by fab", "type": "Workspace", "capacityId": "00000000-0000-0000-0000-000000000004"},
        {"id": "e9586982-e180-44c1-a252-20708314648f", "displayName": "fabcli000001",
        "description": "Created by fab", "type": "Workspace", "capacityId": "00000000-0000-0000-0000-000000000004"},
        {"id": "af03279a-2206-471a-bda0-c9e7a51eee6c", "displayName": "fabcli000002",
        "description": "Created by fab", "type": "Workspace", "capacityId": "00000000-0000-0000-0000-000000000004"}]}'
    headers:
      Access-Control-Expose-Headers:
      - RequestId
      Cache-Control:
      - no-store, must-revalidate, no-cache
      Content-Encoding:
      - gzip
      Content-Length:
      - '890'
      Content-Type:
      - application/json; charset=utf-8
      Date:
      - Tue, 23 Sep 2025 14:03:53 GMT
      Pragma:
      - no-cache
      RequestId:
      - e32b3a53-61f6-4ea4-a0e5-04bc629dc87e
      Strict-Transport-Security:
      - max-age=31536000; includeSubDomains
      X-Content-Type-Options:
      - nosniff
      X-Frame-Options:
      - deny
      home-cluster-uri:
      - https://wabi-us-central-b-primary-redirect.analysis.windows.net/
      request-redirected:
      - 'true'
    status:
      code: 200
      message: OK
- request:
    body: null
    headers:
      Accept:
      - '*/*'
      Accept-Encoding:
      - gzip, deflate
      Connection:
      - keep-alive
      Content-Type:
      - application/json
      User-Agent:
      - ms-fabric-cli-test/1.1.0
    method: GET
    uri: https://api.fabric.microsoft.com/v1/workspaces/e9586982-e180-44c1-a252-20708314648f/items
  response:
    body:
      string: '{"value": []}'
    headers:
      Access-Control-Expose-Headers:
      - RequestId
      Cache-Control:
      - no-store, must-revalidate, no-cache
      Content-Encoding:
      - gzip
      Content-Length:
      - '32'
      Content-Type:
      - application/json; charset=utf-8
      Date:
      - Tue, 23 Sep 2025 14:03:54 GMT
      Pragma:
      - no-cache
      RequestId:
      - a5d08c82-13cc-490a-983e-7ee8cca8643f
      Strict-Transport-Security:
      - max-age=31536000; includeSubDomains
      X-Content-Type-Options:
      - nosniff
      X-Frame-Options:
      - deny
      home-cluster-uri:
      - https://wabi-us-central-b-primary-redirect.analysis.windows.net/
      request-redirected:
      - 'true'
    status:
      code: 200
      message: OK
- request:
    body: null
    headers:
      Accept:
      - '*/*'
      Accept-Encoding:
      - gzip, deflate
      Connection:
      - keep-alive
      Content-Type:
      - application/json
      User-Agent:
      - ms-fabric-cli-test/1.1.0
    method: GET
    uri: https://api.fabric.microsoft.com/v1/workspaces/e9586982-e180-44c1-a252-20708314648f/items
  response:
    body:
      string: '{"value": []}'
    headers:
      Access-Control-Expose-Headers:
      - RequestId
      Cache-Control:
      - no-store, must-revalidate, no-cache
      Content-Encoding:
      - gzip
      Content-Length:
      - '32'
      Content-Type:
      - application/json; charset=utf-8
      Date:
      - Tue, 23 Sep 2025 14:03:53 GMT
      Pragma:
      - no-cache
      RequestId:
      - 3f707e45-7387-4086-bbe3-d87ea5141843
      Strict-Transport-Security:
      - max-age=31536000; includeSubDomains
      X-Content-Type-Options:
      - nosniff
      X-Frame-Options:
      - deny
      home-cluster-uri:
      - https://wabi-us-central-b-primary-redirect.analysis.windows.net/
      request-redirected:
      - 'true'
    status:
      code: 200
      message: OK
- request:
    body: '{"description": "Created by fab", "displayName": "fabcli000005", "type":
      "Notebook", "folderId": null, "definition": {"parts": [{"path": "notebook-content.py",
      "payload": "IyBGYWJyaWMgbm90ZWJvb2sgc291cmNlCgojIE1FVEFEQVRBICoqKioqKioqKioqKioqKioqKioqCgojIE1FVEEgewojIE1FVEEgICAia2VybmVsX2luZm8iOiB7CiMgTUVUQSAgICAgIm5hbWUiOiAic3luYXBzZV9weXNwYXJrIgojIE1FVEEgICB9LAojIE1FVEEgICAiZGVwZW5kZW5jaWVzIjoge30KIyBNRVRBIH0KCiMgQ0VMTCAqKioqKioqKioqKioqKioqKioqKgoKIyBXZWxjb21lIHRvIHlvdXIgbmV3IG5vdGVib29rCiMgVHlwZSBoZXJlIGluIHRoZSBjZWxsIGVkaXRvciB0byBhZGQgY29kZSEKCgojIE1FVEFEQVRBICoqKioqKioqKioqKioqKioqKioqCgojIE1FVEEgewojIE1FVEEgICAibGFuZ3VhZ2UiOiAicHl0aG9uIiwKIyBNRVRBICAgImxhbmd1YWdlX2dyb3VwIjogInN5bmFwc2VfcHlzcGFyayIKIyBNRVRBIH0K",
      "payloadType": "InlineBase64"}]}}'
    headers:
      Accept:
      - '*/*'
      Accept-Encoding:
      - gzip, deflate
      Connection:
      - keep-alive
      Content-Length:
      - '764'
      Content-Type:
      - application/json
      User-Agent:
      - ms-fabric-cli-test/1.1.0
    method: POST
    uri: https://api.fabric.microsoft.com/v1/workspaces/e9586982-e180-44c1-a252-20708314648f/notebooks
  response:
    body:
      string: 'null'
    headers:
      Access-Control-Expose-Headers:
      - RequestId,Location,Retry-After,ETag,x-ms-operation-id
      Cache-Control:
      - no-store, must-revalidate, no-cache
      Content-Encoding:
      - gzip
      Content-Length:
      - '24'
      Content-Type:
      - application/json; charset=utf-8
      Date:
      - Tue, 23 Sep 2025 14:03:56 GMT
      ETag:
      - '""'
      Location:
      - https://wabi-us-central-b-primary-redirect.analysis.windows.net/v1/operations/835a5c54-ece9-4af6-bfa3-47f95bae2bb8
      Pragma:
      - no-cache
      RequestId:
      - cb783878-4789-4165-9dad-a39530c2b96b
      Retry-After:
      - '20'
      Strict-Transport-Security:
      - max-age=31536000; includeSubDomains
      X-Content-Type-Options:
      - nosniff
      X-Frame-Options:
      - deny
      home-cluster-uri:
      - https://wabi-us-central-b-primary-redirect.analysis.windows.net/
      request-redirected:
      - 'true'
      x-ms-operation-id:
      - 835a5c54-ece9-4af6-bfa3-47f95bae2bb8
    status:
      code: 202
      message: Accepted
- request:
    body: null
    headers:
      Accept:
      - '*/*'
      Accept-Encoding:
      - gzip, deflate
      Connection:
      - keep-alive
      Content-Type:
      - application/json
      User-Agent:
      - ms-fabric-cli-test/1.1.0
    method: GET
    uri: https://wabi-us-central-b-primary-redirect.analysis.windows.net/v1/operations/835a5c54-ece9-4af6-bfa3-47f95bae2bb8
  response:
    body:
      string: '{"status": "Succeeded", "createdTimeUtc": "2025-09-23T14:03:55.7014724",
        "lastUpdatedTimeUtc": "2025-09-23T14:03:57.2816375", "percentComplete": 100,
        "error": null}'
    headers:
      Access-Control-Expose-Headers:
      - RequestId,Location,x-ms-operation-id
      Cache-Control:
      - no-store, must-revalidate, no-cache
      Content-Encoding:
      - gzip
      Content-Length:
      - '132'
      Content-Type:
      - application/json; charset=utf-8
      Date:
      - Tue, 23 Sep 2025 14:04:17 GMT
      Location:
      - https://wabi-us-central-b-primary-redirect.analysis.windows.net/v1/operations/835a5c54-ece9-4af6-bfa3-47f95bae2bb8/result
      Pragma:
      - no-cache
      RequestId:
      - 21b5892d-68a3-4797-9c0f-71f9a59aacb1
      Strict-Transport-Security:
      - max-age=31536000; includeSubDomains
      X-Content-Type-Options:
      - nosniff
      X-Frame-Options:
      - deny
      x-ms-operation-id:
      - 835a5c54-ece9-4af6-bfa3-47f95bae2bb8
    status:
      code: 200
      message: OK
- request:
    body: null
    headers:
      Accept:
      - '*/*'
      Accept-Encoding:
      - gzip, deflate
      Connection:
      - keep-alive
      Content-Type:
      - application/json
      User-Agent:
      - ms-fabric-cli-test/1.1.0
    method: GET
    uri: https://wabi-us-central-b-primary-redirect.analysis.windows.net/v1/operations/835a5c54-ece9-4af6-bfa3-47f95bae2bb8/result
  response:
    body:
      string: '{"id": "e07fb2ca-06e5-4cbc-a1dd-96552d75ca62", "type": "Notebook",
        "displayName": "fabcli000005", "description": "Created by fab", "workspaceId":
        "e9586982-e180-44c1-a252-20708314648f"}'
    headers:
      Access-Control-Expose-Headers:
      - RequestId
      Cache-Control:
      - no-store, must-revalidate, no-cache
      Content-Encoding:
      - gzip
      Content-Type:
      - application/json
      Date:
      - Tue, 23 Sep 2025 14:04:18 GMT
      Pragma:
      - no-cache
      RequestId:
      - fa5c88dd-6df7-4aef-b73a-e3a7c2967709
      Strict-Transport-Security:
      - max-age=31536000; includeSubDomains
      Transfer-Encoding:
      - chunked
      X-Content-Type-Options:
      - nosniff
      X-Frame-Options:
      - deny
    status:
      code: 200
      message: OK
- request:
    body: null
    headers:
      Accept:
      - '*/*'
      Accept-Encoding:
      - gzip, deflate
      Connection:
      - keep-alive
      Content-Type:
      - application/json
      User-Agent:
      - ms-fabric-cli-test/1.1.0
    method: GET
    uri: https://api.fabric.microsoft.com/v1/workspaces
  response:
    body:
      string: '{"value": [{"id": "3634a139-2c9e-4205-910b-3b089a31be47", "displayName":
        "My workspace", "description": "", "type": "Personal"}, {"id": "d62c3503-0747-4c2f-a989-2fa627d67e8f",
        "displayName": "fabriccli_WorkspacePerTestclass_000001", "description": "Created
        by fab", "type": "Workspace", "capacityId": "00000000-0000-0000-0000-000000000004"},
        {"id": "e9586982-e180-44c1-a252-20708314648f", "displayName": "fabcli000001",
        "description": "Created by fab", "type": "Workspace", "capacityId": "00000000-0000-0000-0000-000000000004"},
        {"id": "af03279a-2206-471a-bda0-c9e7a51eee6c", "displayName": "fabcli000002",
        "description": "Created by fab", "type": "Workspace", "capacityId": "00000000-0000-0000-0000-000000000004"}]}'
    headers:
      Access-Control-Expose-Headers:
      - RequestId
      Cache-Control:
      - no-store, must-revalidate, no-cache
      Content-Encoding:
      - gzip
      Content-Length:
      - '890'
      Content-Type:
      - application/json; charset=utf-8
      Date:
      - Tue, 23 Sep 2025 14:04:18 GMT
      Pragma:
      - no-cache
      RequestId:
      - 71c31e10-1bc1-4d6a-9c88-ed6a4a9e4239
      Strict-Transport-Security:
      - max-age=31536000; includeSubDomains
      X-Content-Type-Options:
      - nosniff
      X-Frame-Options:
      - deny
      home-cluster-uri:
      - https://wabi-us-central-b-primary-redirect.analysis.windows.net/
      request-redirected:
      - 'true'
    status:
      code: 200
      message: OK
- request:
    body: null
    headers:
      Accept:
      - '*/*'
      Accept-Encoding:
      - gzip, deflate
      Connection:
      - keep-alive
      Content-Type:
      - application/json
      User-Agent:
      - ms-fabric-cli-test/1.1.0
    method: GET
    uri: https://api.fabric.microsoft.com/v1/workspaces/af03279a-2206-471a-bda0-c9e7a51eee6c/folders?recursive=True
  response:
    body:
      string: '{"value": [{"id": "5f71fce4-0d88-47a1-8e69-15a6065103df", "displayName":
        "fabcli000004", "workspaceId": "af03279a-2206-471a-bda0-c9e7a51eee6c"}]}'
    headers:
      Access-Control-Expose-Headers:
      - RequestId
      Cache-Control:
      - no-store, must-revalidate, no-cache
      Content-Encoding:
      - gzip
      Content-Length:
      - '143'
      Content-Type:
      - application/json; charset=utf-8
      Date:
      - Tue, 23 Sep 2025 14:04:19 GMT
      Pragma:
      - no-cache
      RequestId:
      - 4ef0b6cf-e288-4935-acc0-2eca341226ad
      Strict-Transport-Security:
      - max-age=31536000; includeSubDomains
      X-Content-Type-Options:
      - nosniff
      X-Frame-Options:
      - deny
      home-cluster-uri:
      - https://wabi-us-central-b-primary-redirect.analysis.windows.net/
      request-redirected:
      - 'true'
    status:
      code: 200
      message: OK
- request:
    body: null
    headers:
      Accept:
      - '*/*'
      Accept-Encoding:
      - gzip, deflate
      Connection:
      - keep-alive
      Content-Type:
      - application/json
      User-Agent:
      - ms-fabric-cli-test/1.1.0
    method: GET
    uri: https://api.fabric.microsoft.com/v1/workspaces/af03279a-2206-471a-bda0-c9e7a51eee6c/items
  response:
    body:
      string: '{"value": []}'
    headers:
      Access-Control-Expose-Headers:
      - RequestId
      Cache-Control:
      - no-store, must-revalidate, no-cache
      Content-Encoding:
      - gzip
      Content-Length:
      - '32'
      Content-Type:
      - application/json; charset=utf-8
      Date:
      - Tue, 23 Sep 2025 14:04:20 GMT
      Pragma:
      - no-cache
      RequestId:
      - 90c92434-0c9c-499f-b819-baa22223a8c6
      Strict-Transport-Security:
      - max-age=31536000; includeSubDomains
      X-Content-Type-Options:
      - nosniff
      X-Frame-Options:
      - deny
      home-cluster-uri:
      - https://wabi-us-central-b-primary-redirect.analysis.windows.net/
      request-redirected:
      - 'true'
    status:
      code: 200
      message: OK
- request:
    body: null
    headers:
      Accept:
      - '*/*'
      Accept-Encoding:
      - gzip, deflate
      Connection:
      - keep-alive
      Content-Type:
      - application/json
      User-Agent:
      - ms-fabric-cli-test/1.1.0
    method: GET
    uri: https://api.fabric.microsoft.com/v1/workspaces/af03279a-2206-471a-bda0-c9e7a51eee6c/items
  response:
    body:
      string: '{"value": []}'
    headers:
      Access-Control-Expose-Headers:
      - RequestId
      Cache-Control:
      - no-store, must-revalidate, no-cache
      Content-Encoding:
      - gzip
      Content-Length:
      - '32'
      Content-Type:
      - application/json; charset=utf-8
      Date:
      - Tue, 23 Sep 2025 14:04:20 GMT
      Pragma:
      - no-cache
      RequestId:
      - c1648ef5-5a33-4db9-ae00-c756724489b4
      Strict-Transport-Security:
      - max-age=31536000; includeSubDomains
      X-Content-Type-Options:
      - nosniff
      X-Frame-Options:
      - deny
      home-cluster-uri:
      - https://wabi-us-central-b-primary-redirect.analysis.windows.net/
      request-redirected:
      - 'true'
    status:
      code: 200
      message: OK
- request:
    body: '{"description": "Created by fab", "displayName": "fabcli000005", "type":
      "Notebook", "folderId": "5f71fce4-0d88-47a1-8e69-15a6065103df", "definition":
      {"parts": [{"path": "notebook-content.py", "payload": "IyBGYWJyaWMgbm90ZWJvb2sgc291cmNlCgojIE1FVEFEQVRBICoqKioqKioqKioqKioqKioqKioqCgojIE1FVEEgewojIE1FVEEgICAia2VybmVsX2luZm8iOiB7CiMgTUVUQSAgICAgIm5hbWUiOiAic3luYXBzZV9weXNwYXJrIgojIE1FVEEgICB9LAojIE1FVEEgICAiZGVwZW5kZW5jaWVzIjoge30KIyBNRVRBIH0KCiMgQ0VMTCAqKioqKioqKioqKioqKioqKioqKgoKIyBXZWxjb21lIHRvIHlvdXIgbmV3IG5vdGVib29rCiMgVHlwZSBoZXJlIGluIHRoZSBjZWxsIGVkaXRvciB0byBhZGQgY29kZSEKCgojIE1FVEFEQVRBICoqKioqKioqKioqKioqKioqKioqCgojIE1FVEEgewojIE1FVEEgICAibGFuZ3VhZ2UiOiAicHl0aG9uIiwKIyBNRVRBICAgImxhbmd1YWdlX2dyb3VwIjogInN5bmFwc2VfcHlzcGFyayIKIyBNRVRBIH0K",
      "payloadType": "InlineBase64"}]}}'
    headers:
      Accept:
      - '*/*'
      Accept-Encoding:
      - gzip, deflate
      Connection:
      - keep-alive
      Content-Length:
      - '798'
      Content-Type:
      - application/json
      User-Agent:
      - ms-fabric-cli-test/1.1.0
    method: POST
    uri: https://api.fabric.microsoft.com/v1/workspaces/af03279a-2206-471a-bda0-c9e7a51eee6c/notebooks
  response:
    body:
      string: 'null'
    headers:
      Access-Control-Expose-Headers:
      - RequestId,Location,Retry-After,ETag,x-ms-operation-id
      Cache-Control:
      - no-store, must-revalidate, no-cache
      Content-Encoding:
      - gzip
      Content-Length:
      - '24'
      Content-Type:
      - application/json; charset=utf-8
      Date:
      - Tue, 23 Sep 2025 14:04:22 GMT
      ETag:
      - '""'
      Location:
      - https://wabi-us-central-b-primary-redirect.analysis.windows.net/v1/operations/5e28205b-39df-4f4b-ae7c-e87ad6a128fe
      Pragma:
      - no-cache
      RequestId:
      - 48d0f10f-e36f-4ca0-8286-2e2f5c5b7398
      Retry-After:
      - '20'
      Strict-Transport-Security:
      - max-age=31536000; includeSubDomains
      X-Content-Type-Options:
      - nosniff
      X-Frame-Options:
      - deny
      home-cluster-uri:
      - https://wabi-us-central-b-primary-redirect.analysis.windows.net/
      request-redirected:
      - 'true'
      x-ms-operation-id:
      - 5e28205b-39df-4f4b-ae7c-e87ad6a128fe
    status:
      code: 202
      message: Accepted
- request:
    body: null
    headers:
      Accept:
      - '*/*'
      Accept-Encoding:
      - gzip, deflate
      Connection:
      - keep-alive
      Content-Type:
      - application/json
      User-Agent:
      - ms-fabric-cli-test/1.1.0
    method: GET
    uri: https://wabi-us-central-b-primary-redirect.analysis.windows.net/v1/operations/5e28205b-39df-4f4b-ae7c-e87ad6a128fe
  response:
    body:
      string: '{"status": "Succeeded", "createdTimeUtc": "2025-09-23T14:04:21.8998794",
        "lastUpdatedTimeUtc": "2025-09-23T14:04:23.816488", "percentComplete": 100,
        "error": null}'
    headers:
      Access-Control-Expose-Headers:
      - RequestId,Location,x-ms-operation-id
      Cache-Control:
      - no-store, must-revalidate, no-cache
      Content-Encoding:
      - gzip
      Content-Length:
      - '131'
      Content-Type:
      - application/json; charset=utf-8
      Date:
      - Tue, 23 Sep 2025 14:04:43 GMT
      Location:
      - https://wabi-us-central-b-primary-redirect.analysis.windows.net/v1/operations/5e28205b-39df-4f4b-ae7c-e87ad6a128fe/result
      Pragma:
      - no-cache
      RequestId:
      - c4016b58-747a-43d8-b349-e54c271790b1
      Strict-Transport-Security:
      - max-age=31536000; includeSubDomains
      X-Content-Type-Options:
      - nosniff
      X-Frame-Options:
      - deny
      x-ms-operation-id:
      - 5e28205b-39df-4f4b-ae7c-e87ad6a128fe
    status:
      code: 200
      message: OK
- request:
    body: null
    headers:
      Accept:
      - '*/*'
      Accept-Encoding:
      - gzip, deflate
      Connection:
      - keep-alive
      Content-Type:
      - application/json
      User-Agent:
      - ms-fabric-cli-test/1.1.0
    method: GET
    uri: https://wabi-us-central-b-primary-redirect.analysis.windows.net/v1/operations/5e28205b-39df-4f4b-ae7c-e87ad6a128fe/result
  response:
    body:
      string: '{"id": "a8577f46-3be6-46fc-b866-4bb475a3021f", "type": "Notebook",
        "displayName": "fabcli000005", "description": "Created by fab", "workspaceId":
        "af03279a-2206-471a-bda0-c9e7a51eee6c", "folderId": "5f71fce4-0d88-47a1-8e69-15a6065103df"}'
    headers:
      Access-Control-Expose-Headers:
      - RequestId
      Cache-Control:
      - no-store, must-revalidate, no-cache
      Content-Encoding:
      - gzip
      Content-Type:
      - application/json
      Date:
      - Tue, 23 Sep 2025 14:04:44 GMT
      Pragma:
      - no-cache
      RequestId:
      - ab30ab86-165b-42f7-9399-1eec53195212
      Strict-Transport-Security:
      - max-age=31536000; includeSubDomains
      Transfer-Encoding:
      - chunked
      X-Content-Type-Options:
      - nosniff
      X-Frame-Options:
      - deny
    status:
      code: 200
      message: OK
- request:
    body: null
    headers:
      Accept:
      - '*/*'
      Accept-Encoding:
      - gzip, deflate
      Connection:
      - keep-alive
      Content-Type:
      - application/json
      User-Agent:
      - ms-fabric-cli-test/1.1.0
    method: GET
    uri: https://api.fabric.microsoft.com/v1/workspaces
  response:
    body:
      string: '{"value": [{"id": "3634a139-2c9e-4205-910b-3b089a31be47", "displayName":
        "My workspace", "description": "", "type": "Personal"}, {"id": "d62c3503-0747-4c2f-a989-2fa627d67e8f",
        "displayName": "fabriccli_WorkspacePerTestclass_000001", "description": "Created
        by fab", "type": "Workspace", "capacityId": "00000000-0000-0000-0000-000000000004"},
        {"id": "e9586982-e180-44c1-a252-20708314648f", "displayName": "fabcli000001",
        "description": "Created by fab", "type": "Workspace", "capacityId": "00000000-0000-0000-0000-000000000004"},
        {"id": "af03279a-2206-471a-bda0-c9e7a51eee6c", "displayName": "fabcli000002",
        "description": "Created by fab", "type": "Workspace", "capacityId": "00000000-0000-0000-0000-000000000004"}]}'
    headers:
      Access-Control-Expose-Headers:
      - RequestId
      Cache-Control:
      - no-store, must-revalidate, no-cache
      Content-Encoding:
      - gzip
      Content-Length:
      - '890'
      Content-Type:
      - application/json; charset=utf-8
      Date:
      - Tue, 23 Sep 2025 14:04:44 GMT
      Pragma:
      - no-cache
      RequestId:
      - dbaeaa69-5b26-4285-88dc-4d7abc46cb4f
      Strict-Transport-Security:
      - max-age=31536000; includeSubDomains
      X-Content-Type-Options:
      - nosniff
      X-Frame-Options:
      - deny
      home-cluster-uri:
      - https://wabi-us-central-b-primary-redirect.analysis.windows.net/
      request-redirected:
      - 'true'
    status:
      code: 200
      message: OK
- request:
    body: null
    headers:
      Accept:
      - '*/*'
      Accept-Encoding:
      - gzip, deflate
      Connection:
      - keep-alive
      Content-Type:
      - application/json
      User-Agent:
      - ms-fabric-cli-test/1.1.0
    method: GET
    uri: https://api.fabric.microsoft.com/v1/workspaces/e9586982-e180-44c1-a252-20708314648f/items
  response:
    body:
      string: '{"value": [{"id": "e07fb2ca-06e5-4cbc-a1dd-96552d75ca62", "type": "Notebook",
        "displayName": "fabcli000005", "description": "Created by fab", "workspaceId":
        "e9586982-e180-44c1-a252-20708314648f"}]}'
    headers:
      Access-Control-Expose-Headers:
      - RequestId
      Cache-Control:
      - no-store, must-revalidate, no-cache
      Content-Encoding:
      - gzip
      Content-Length:
      - '178'
      Content-Type:
      - application/json; charset=utf-8
      Date:
      - Tue, 23 Sep 2025 14:04:45 GMT
      Pragma:
      - no-cache
      RequestId:
      - 83b94378-a132-42cb-ba61-023ac4115fc3
      Strict-Transport-Security:
      - max-age=31536000; includeSubDomains
      X-Content-Type-Options:
      - nosniff
      X-Frame-Options:
      - deny
      home-cluster-uri:
      - https://wabi-us-central-b-primary-redirect.analysis.windows.net/
      request-redirected:
      - 'true'
    status:
      code: 200
      message: OK
- request:
    body: null
    headers:
      Accept:
      - '*/*'
      Accept-Encoding:
      - gzip, deflate
      Connection:
      - keep-alive
      Content-Type:
      - application/json
      User-Agent:
      - ms-fabric-cli-test/1.1.0
    method: GET
    uri: https://api.fabric.microsoft.com/v1/workspaces
  response:
    body:
      string: '{"value": [{"id": "3634a139-2c9e-4205-910b-3b089a31be47", "displayName":
        "My workspace", "description": "", "type": "Personal"}, {"id": "d62c3503-0747-4c2f-a989-2fa627d67e8f",
        "displayName": "fabriccli_WorkspacePerTestclass_000001", "description": "Created
        by fab", "type": "Workspace", "capacityId": "00000000-0000-0000-0000-000000000004"},
        {"id": "e9586982-e180-44c1-a252-20708314648f", "displayName": "fabcli000001",
        "description": "Created by fab", "type": "Workspace", "capacityId": "00000000-0000-0000-0000-000000000004"},
        {"id": "af03279a-2206-471a-bda0-c9e7a51eee6c", "displayName": "fabcli000002",
        "description": "Created by fab", "type": "Workspace", "capacityId": "00000000-0000-0000-0000-000000000004"}]}'
    headers:
      Access-Control-Expose-Headers:
      - RequestId
      Cache-Control:
      - no-store, must-revalidate, no-cache
      Content-Encoding:
      - gzip
      Content-Length:
      - '890'
      Content-Type:
      - application/json; charset=utf-8
      Date:
      - Tue, 23 Sep 2025 14:04:46 GMT
      Pragma:
      - no-cache
      RequestId:
      - 74745cda-9978-4421-b063-426b89eae8eb
      Strict-Transport-Security:
      - max-age=31536000; includeSubDomains
      X-Content-Type-Options:
      - nosniff
      X-Frame-Options:
      - deny
      home-cluster-uri:
      - https://wabi-us-central-b-primary-redirect.analysis.windows.net/
      request-redirected:
      - 'true'
    status:
      code: 200
      message: OK
- request:
    body: null
    headers:
      Accept:
      - '*/*'
      Accept-Encoding:
      - gzip, deflate
      Connection:
      - keep-alive
      Content-Type:
      - application/json
      User-Agent:
      - ms-fabric-cli-test/1.1.0
    method: GET
    uri: https://api.fabric.microsoft.com/v1/workspaces/af03279a-2206-471a-bda0-c9e7a51eee6c/items
  response:
    body:
      string: '{"value": [{"id": "a8577f46-3be6-46fc-b866-4bb475a3021f", "type": "Notebook",
        "displayName": "fabcli000005", "description": "Created by fab", "workspaceId":
        "af03279a-2206-471a-bda0-c9e7a51eee6c", "folderId": "5f71fce4-0d88-47a1-8e69-15a6065103df"}]}'
    headers:
      Access-Control-Expose-Headers:
      - RequestId
      Cache-Control:
      - no-store, must-revalidate, no-cache
      Content-Encoding:
      - gzip
      Content-Length:
      - '209'
      Content-Type:
      - application/json; charset=utf-8
      Date:
      - Tue, 23 Sep 2025 14:04:46 GMT
      Pragma:
      - no-cache
      RequestId:
      - bc550c41-a47b-4728-b77c-f770fc0515e0
      Strict-Transport-Security:
      - max-age=31536000; includeSubDomains
      X-Content-Type-Options:
      - nosniff
      X-Frame-Options:
      - deny
      home-cluster-uri:
      - https://wabi-us-central-b-primary-redirect.analysis.windows.net/
      request-redirected:
      - 'true'
    status:
      code: 200
      message: OK
- request:
    body: null
    headers:
      Accept:
      - '*/*'
      Accept-Encoding:
      - gzip, deflate
      Connection:
      - keep-alive
      Content-Type:
      - application/json
      User-Agent:
      - ms-fabric-cli-test/1.1.0
    method: GET
    uri: https://api.fabric.microsoft.com/v1/workspaces/af03279a-2206-471a-bda0-c9e7a51eee6c/folders?recursive=True
  response:
    body:
      string: '{"value": [{"id": "5f71fce4-0d88-47a1-8e69-15a6065103df", "displayName":
        "fabcli000004", "workspaceId": "af03279a-2206-471a-bda0-c9e7a51eee6c"}]}'
    headers:
      Access-Control-Expose-Headers:
      - RequestId
      Cache-Control:
      - no-store, must-revalidate, no-cache
      Content-Encoding:
      - gzip
      Content-Length:
      - '143'
      Content-Type:
      - application/json; charset=utf-8
      Date:
      - Tue, 23 Sep 2025 14:04:47 GMT
      Pragma:
      - no-cache
      RequestId:
      - 0f5cc58e-062c-42f0-92ed-d020bcbc50fb
      Strict-Transport-Security:
      - max-age=31536000; includeSubDomains
      X-Content-Type-Options:
      - nosniff
      X-Frame-Options:
      - deny
      home-cluster-uri:
      - https://wabi-us-central-b-primary-redirect.analysis.windows.net/
      request-redirected:
      - 'true'
    status:
      code: 200
      message: OK
- request:
    body: null
    headers:
      Accept:
      - '*/*'
      Accept-Encoding:
      - gzip, deflate
      Connection:
      - keep-alive
      Content-Type:
      - application/json
      User-Agent:
      - ms-fabric-cli-test/1.1.0
    method: GET
    uri: https://api.fabric.microsoft.com/v1/workspaces/af03279a-2206-471a-bda0-c9e7a51eee6c/items
  response:
    body:
      string: '{"value": [{"id": "a8577f46-3be6-46fc-b866-4bb475a3021f", "type": "Notebook",
        "displayName": "fabcli000005", "description": "Created by fab", "workspaceId":
        "af03279a-2206-471a-bda0-c9e7a51eee6c", "folderId": "5f71fce4-0d88-47a1-8e69-15a6065103df"}]}'
    headers:
      Access-Control-Expose-Headers:
      - RequestId
      Cache-Control:
      - no-store, must-revalidate, no-cache
      Content-Encoding:
      - gzip
      Content-Length:
      - '209'
      Content-Type:
      - application/json; charset=utf-8
      Date:
      - Tue, 23 Sep 2025 14:04:47 GMT
      Pragma:
      - no-cache
      RequestId:
      - eedd6d7b-2861-4d50-a619-899ac0db33ec
      Strict-Transport-Security:
      - max-age=31536000; includeSubDomains
      X-Content-Type-Options:
      - nosniff
      X-Frame-Options:
      - deny
      home-cluster-uri:
      - https://wabi-us-central-b-primary-redirect.analysis.windows.net/
      request-redirected:
      - 'true'
    status:
      code: 200
      message: OK
- request:
    body: null
    headers:
      Accept:
      - '*/*'
      Accept-Encoding:
      - gzip, deflate
      Connection:
      - keep-alive
      Content-Type:
      - application/json
      User-Agent:
      - ms-fabric-cli-test/1.1.0
    method: GET
    uri: https://api.fabric.microsoft.com/v1/workspaces/af03279a-2206-471a-bda0-c9e7a51eee6c/folders?recursive=True
  response:
    body:
      string: '{"value": [{"id": "5f71fce4-0d88-47a1-8e69-15a6065103df", "displayName":
        "fabcli000004", "workspaceId": "af03279a-2206-471a-bda0-c9e7a51eee6c"}]}'
    headers:
      Access-Control-Expose-Headers:
      - RequestId
      Cache-Control:
      - no-store, must-revalidate, no-cache
      Content-Encoding:
      - gzip
      Content-Length:
      - '143'
      Content-Type:
      - application/json; charset=utf-8
      Date:
      - Tue, 23 Sep 2025 14:04:48 GMT
      Pragma:
      - no-cache
      RequestId:
      - 04b00417-af84-4e99-b9c3-f432cde03bff
      Strict-Transport-Security:
      - max-age=31536000; includeSubDomains
      X-Content-Type-Options:
      - nosniff
      X-Frame-Options:
      - deny
      home-cluster-uri:
      - https://wabi-us-central-b-primary-redirect.analysis.windows.net/
      request-redirected:
      - 'true'
    status:
      code: 200
      message: OK
- request:
    body: null
    headers:
      Accept:
      - '*/*'
      Accept-Encoding:
      - gzip, deflate
      Connection:
      - keep-alive
      Content-Type:
      - application/json
      User-Agent:
      - ms-fabric-cli-test/1.1.0
    method: GET
    uri: https://api.fabric.microsoft.com/v1/workspaces
  response:
    body:
      string: '{"value": [{"id": "3634a139-2c9e-4205-910b-3b089a31be47", "displayName":
        "My workspace", "description": "", "type": "Personal"}, {"id": "d62c3503-0747-4c2f-a989-2fa627d67e8f",
        "displayName": "fabriccli_WorkspacePerTestclass_000001", "description": "Created
        by fab", "type": "Workspace", "capacityId": "00000000-0000-0000-0000-000000000004"},
        {"id": "e9586982-e180-44c1-a252-20708314648f", "displayName": "fabcli000001",
        "description": "Created by fab", "type": "Workspace", "capacityId": "00000000-0000-0000-0000-000000000004"},
        {"id": "af03279a-2206-471a-bda0-c9e7a51eee6c", "displayName": "fabcli000002",
        "description": "Created by fab", "type": "Workspace", "capacityId": "00000000-0000-0000-0000-000000000004"}]}'
    headers:
      Access-Control-Expose-Headers:
      - RequestId
      Cache-Control:
      - no-store, must-revalidate, no-cache
      Content-Encoding:
      - gzip
      Content-Length:
      - '890'
      Content-Type:
      - application/json; charset=utf-8
      Date:
      - Tue, 23 Sep 2025 14:04:49 GMT
      Pragma:
      - no-cache
      RequestId:
      - d710de82-1ee0-49c2-bb76-afde38382dc1
      Strict-Transport-Security:
      - max-age=31536000; includeSubDomains
      X-Content-Type-Options:
      - nosniff
      X-Frame-Options:
      - deny
      home-cluster-uri:
      - https://wabi-us-central-b-primary-redirect.analysis.windows.net/
      request-redirected:
      - 'true'
    status:
      code: 200
      message: OK
- request:
    body: null
    headers:
      Accept:
      - '*/*'
      Accept-Encoding:
      - gzip, deflate
      Connection:
      - keep-alive
      Content-Type:
      - application/json
      User-Agent:
      - ms-fabric-cli-test/1.1.0
    method: GET
    uri: https://api.fabric.microsoft.com/v1/workspaces/af03279a-2206-471a-bda0-c9e7a51eee6c/folders?recursive=True
  response:
    body:
      string: '{"value": [{"id": "5f71fce4-0d88-47a1-8e69-15a6065103df", "displayName":
        "fabcli000004", "workspaceId": "af03279a-2206-471a-bda0-c9e7a51eee6c"}]}'
    headers:
      Access-Control-Expose-Headers:
      - RequestId
      Cache-Control:
      - no-store, must-revalidate, no-cache
      Content-Encoding:
      - gzip
      Content-Length:
      - '143'
      Content-Type:
      - application/json; charset=utf-8
      Date:
      - Tue, 23 Sep 2025 14:04:49 GMT
      Pragma:
      - no-cache
      RequestId:
      - 399f595c-8e44-438e-b146-7509918d3a76
      Strict-Transport-Security:
      - max-age=31536000; includeSubDomains
      X-Content-Type-Options:
      - nosniff
      X-Frame-Options:
      - deny
      home-cluster-uri:
      - https://wabi-us-central-b-primary-redirect.analysis.windows.net/
      request-redirected:
      - 'true'
    status:
      code: 200
      message: OK
- request:
    body: null
    headers:
      Accept:
      - '*/*'
      Accept-Encoding:
      - gzip, deflate
      Connection:
      - keep-alive
      Content-Type:
      - application/json
      User-Agent:
      - ms-fabric-cli-test/1.1.0
    method: GET
    uri: https://api.fabric.microsoft.com/v1/workspaces/af03279a-2206-471a-bda0-c9e7a51eee6c/items
  response:
    body:
      string: '{"value": [{"id": "a8577f46-3be6-46fc-b866-4bb475a3021f", "type": "Notebook",
        "displayName": "fabcli000005", "description": "Created by fab", "workspaceId":
        "af03279a-2206-471a-bda0-c9e7a51eee6c", "folderId": "5f71fce4-0d88-47a1-8e69-15a6065103df"}]}'
    headers:
      Access-Control-Expose-Headers:
      - RequestId
      Cache-Control:
      - no-store, must-revalidate, no-cache
      Content-Encoding:
      - gzip
      Content-Length:
      - '209'
      Content-Type:
      - application/json; charset=utf-8
      Date:
      - Tue, 23 Sep 2025 14:04:50 GMT
      Pragma:
      - no-cache
      RequestId:
      - 6bb4205b-f71e-4f81-881c-9e30e742e9c5
      Strict-Transport-Security:
      - max-age=31536000; includeSubDomains
      X-Content-Type-Options:
      - nosniff
      X-Frame-Options:
      - deny
      home-cluster-uri:
      - https://wabi-us-central-b-primary-redirect.analysis.windows.net/
      request-redirected:
      - 'true'
    status:
      code: 200
      message: OK
- request:
    body: null
    headers:
      Accept:
      - '*/*'
      Accept-Encoding:
      - gzip, deflate
      Connection:
      - keep-alive
      Content-Type:
      - application/json
      User-Agent:
      - ms-fabric-cli-test/1.1.0
    method: GET
    uri: https://api.fabric.microsoft.com/v1/workspaces/af03279a-2206-471a-bda0-c9e7a51eee6c/folders?recursive=True
  response:
    body:
      string: '{"value": [{"id": "5f71fce4-0d88-47a1-8e69-15a6065103df", "displayName":
        "fabcli000004", "workspaceId": "af03279a-2206-471a-bda0-c9e7a51eee6c"}]}'
    headers:
      Access-Control-Expose-Headers:
      - RequestId
      Cache-Control:
      - no-store, must-revalidate, no-cache
      Content-Encoding:
      - gzip
      Content-Length:
      - '143'
      Content-Type:
      - application/json; charset=utf-8
      Date:
      - Tue, 23 Sep 2025 14:04:51 GMT
      Pragma:
      - no-cache
      RequestId:
      - 54744ff5-d0a4-433c-9b49-6bb06844909b
      Strict-Transport-Security:
      - max-age=31536000; includeSubDomains
      X-Content-Type-Options:
      - nosniff
      X-Frame-Options:
      - deny
      home-cluster-uri:
      - https://wabi-us-central-b-primary-redirect.analysis.windows.net/
      request-redirected:
      - 'true'
    status:
      code: 200
      message: OK
- request:
    body: null
    headers:
      Accept:
      - '*/*'
      Accept-Encoding:
      - gzip, deflate
      Connection:
      - keep-alive
      Content-Length:
      - '0'
      Content-Type:
      - application/json
      User-Agent:
      - ms-fabric-cli-test/1.1.0
    method: DELETE
    uri: https://api.fabric.microsoft.com/v1/workspaces/af03279a-2206-471a-bda0-c9e7a51eee6c/items/a8577f46-3be6-46fc-b866-4bb475a3021f
  response:
    body:
      string: ''
    headers:
      Access-Control-Expose-Headers:
      - RequestId
      Cache-Control:
      - no-store, must-revalidate, no-cache
      Content-Encoding:
      - gzip
      Content-Length:
      - '0'
      Content-Type:
      - application/octet-stream
      Date:
      - Tue, 23 Sep 2025 14:04:51 GMT
      Pragma:
      - no-cache
      RequestId:
      - 267197e7-4612-4e9f-b9fd-d7646be47342
      Strict-Transport-Security:
      - max-age=31536000; includeSubDomains
      X-Content-Type-Options:
      - nosniff
      X-Frame-Options:
      - deny
      home-cluster-uri:
      - https://wabi-us-central-b-primary-redirect.analysis.windows.net/
      request-redirected:
      - 'true'
    status:
      code: 200
      message: OK
- request:
    body: null
    headers:
      Accept:
      - '*/*'
      Accept-Encoding:
      - gzip, deflate
      Connection:
      - keep-alive
      Content-Type:
      - application/json
      User-Agent:
      - ms-fabric-cli-test/1.1.0
    method: GET
    uri: https://api.fabric.microsoft.com/v1/workspaces
  response:
    body:
      string: '{"value": [{"id": "3634a139-2c9e-4205-910b-3b089a31be47", "displayName":
        "My workspace", "description": "", "type": "Personal"}, {"id": "d62c3503-0747-4c2f-a989-2fa627d67e8f",
        "displayName": "fabriccli_WorkspacePerTestclass_000001", "description": "Created
        by fab", "type": "Workspace", "capacityId": "00000000-0000-0000-0000-000000000004"},
        {"id": "e9586982-e180-44c1-a252-20708314648f", "displayName": "fabcli000001",
        "description": "Created by fab", "type": "Workspace", "capacityId": "00000000-0000-0000-0000-000000000004"},
        {"id": "af03279a-2206-471a-bda0-c9e7a51eee6c", "displayName": "fabcli000002",
        "description": "Created by fab", "type": "Workspace", "capacityId": "00000000-0000-0000-0000-000000000004"}]}'
    headers:
      Access-Control-Expose-Headers:
      - RequestId
      Cache-Control:
      - no-store, must-revalidate, no-cache
      Content-Encoding:
      - gzip
      Content-Length:
      - '890'
      Content-Type:
      - application/json; charset=utf-8
      Date:
      - Tue, 23 Sep 2025 14:04:52 GMT
      Pragma:
      - no-cache
      RequestId:
      - 75cfb279-b861-4ddf-a5b8-89ac8b15c263
      Strict-Transport-Security:
      - max-age=31536000; includeSubDomains
      X-Content-Type-Options:
      - nosniff
      X-Frame-Options:
      - deny
      home-cluster-uri:
      - https://wabi-us-central-b-primary-redirect.analysis.windows.net/
      request-redirected:
      - 'true'
    status:
      code: 200
      message: OK
- request:
    body: null
    headers:
      Accept:
      - '*/*'
      Accept-Encoding:
      - gzip, deflate
      Connection:
      - keep-alive
      Content-Type:
      - application/json
      User-Agent:
      - ms-fabric-cli-test/1.1.0
    method: GET
    uri: https://api.fabric.microsoft.com/v1/workspaces/e9586982-e180-44c1-a252-20708314648f/items
  response:
    body:
      string: '{"value": [{"id": "e07fb2ca-06e5-4cbc-a1dd-96552d75ca62", "type": "Notebook",
        "displayName": "fabcli000005", "description": "Created by fab", "workspaceId":
        "e9586982-e180-44c1-a252-20708314648f"}]}'
    headers:
      Access-Control-Expose-Headers:
      - RequestId
      Cache-Control:
      - no-store, must-revalidate, no-cache
      Content-Encoding:
      - gzip
      Content-Length:
      - '178'
      Content-Type:
      - application/json; charset=utf-8
      Date:
      - Tue, 23 Sep 2025 14:04:53 GMT
      Pragma:
      - no-cache
      RequestId:
      - cb70a4c3-b155-4203-ac20-15eb25ae310d
      Strict-Transport-Security:
      - max-age=31536000; includeSubDomains
      X-Content-Type-Options:
      - nosniff
      X-Frame-Options:
      - deny
      home-cluster-uri:
      - https://wabi-us-central-b-primary-redirect.analysis.windows.net/
      request-redirected:
      - 'true'
    status:
      code: 200
      message: OK
- request:
    body: null
    headers:
      Accept:
      - '*/*'
      Accept-Encoding:
      - gzip, deflate
      Connection:
      - keep-alive
      Content-Length:
      - '0'
      Content-Type:
      - application/json
      User-Agent:
      - ms-fabric-cli-test/1.1.0
    method: DELETE
    uri: https://api.fabric.microsoft.com/v1/workspaces/e9586982-e180-44c1-a252-20708314648f/items/e07fb2ca-06e5-4cbc-a1dd-96552d75ca62
  response:
    body:
      string: ''
    headers:
      Access-Control-Expose-Headers:
      - RequestId
      Cache-Control:
      - no-store, must-revalidate, no-cache
      Content-Encoding:
      - gzip
      Content-Length:
      - '0'
      Content-Type:
      - application/octet-stream
      Date:
      - Tue, 23 Sep 2025 14:04:52 GMT
      Pragma:
      - no-cache
      RequestId:
      - 655f0af2-53ee-4a3e-a690-03a8dd46deb4
      Strict-Transport-Security:
      - max-age=31536000; includeSubDomains
      X-Content-Type-Options:
      - nosniff
      X-Frame-Options:
      - deny
      home-cluster-uri:
      - https://wabi-us-central-b-primary-redirect.analysis.windows.net/
      request-redirected:
      - 'true'
    status:
      code: 200
      message: OK
- request:
    body: null
    headers:
      Accept:
      - '*/*'
      Accept-Encoding:
      - gzip, deflate
      Connection:
      - keep-alive
      Content-Type:
      - application/json
      User-Agent:
      - ms-fabric-cli-test/1.1.0
    method: GET
    uri: https://api.fabric.microsoft.com/v1/workspaces
  response:
    body:
      string: '{"value": [{"id": "3634a139-2c9e-4205-910b-3b089a31be47", "displayName":
        "My workspace", "description": "", "type": "Personal"}, {"id": "d62c3503-0747-4c2f-a989-2fa627d67e8f",
        "displayName": "fabriccli_WorkspacePerTestclass_000001", "description": "Created
        by fab", "type": "Workspace", "capacityId": "00000000-0000-0000-0000-000000000004"},
        {"id": "e9586982-e180-44c1-a252-20708314648f", "displayName": "fabcli000001",
        "description": "Created by fab", "type": "Workspace", "capacityId": "00000000-0000-0000-0000-000000000004"},
        {"id": "af03279a-2206-471a-bda0-c9e7a51eee6c", "displayName": "fabcli000002",
        "description": "Created by fab", "type": "Workspace", "capacityId": "00000000-0000-0000-0000-000000000004"}]}'
    headers:
      Access-Control-Expose-Headers:
      - RequestId
      Cache-Control:
      - no-store, must-revalidate, no-cache
      Content-Encoding:
      - gzip
      Content-Length:
      - '890'
      Content-Type:
      - application/json; charset=utf-8
      Date:
      - Tue, 23 Sep 2025 14:04:53 GMT
      Pragma:
      - no-cache
      RequestId:
      - 89e64a1d-e3af-400d-8c25-fe24551f5a46
      Strict-Transport-Security:
      - max-age=31536000; includeSubDomains
      X-Content-Type-Options:
      - nosniff
      X-Frame-Options:
      - deny
      home-cluster-uri:
      - https://wabi-us-central-b-primary-redirect.analysis.windows.net/
      request-redirected:
      - 'true'
    status:
      code: 200
      message: OK
- request:
    body: null
    headers:
      Accept:
      - '*/*'
      Accept-Encoding:
      - gzip, deflate
      Connection:
      - keep-alive
      Content-Type:
      - application/json
      User-Agent:
      - ms-fabric-cli-test/1.1.0
    method: GET
    uri: https://api.fabric.microsoft.com/v1/workspaces/af03279a-2206-471a-bda0-c9e7a51eee6c/folders?recursive=True
  response:
    body:
      string: '{"value": [{"id": "5f71fce4-0d88-47a1-8e69-15a6065103df", "displayName":
        "fabcli000004", "workspaceId": "af03279a-2206-471a-bda0-c9e7a51eee6c"}]}'
    headers:
      Access-Control-Expose-Headers:
      - RequestId
      Cache-Control:
      - no-store, must-revalidate, no-cache
      Content-Encoding:
      - gzip
      Content-Length:
      - '143'
      Content-Type:
      - application/json; charset=utf-8
      Date:
      - Tue, 23 Sep 2025 14:04:54 GMT
      Pragma:
      - no-cache
      RequestId:
      - efd95b6d-4ffe-438e-8615-4dcf9b415814
      Strict-Transport-Security:
      - max-age=31536000; includeSubDomains
      X-Content-Type-Options:
      - nosniff
      X-Frame-Options:
      - deny
      home-cluster-uri:
      - https://wabi-us-central-b-primary-redirect.analysis.windows.net/
      request-redirected:
      - 'true'
    status:
      code: 200
      message: OK
- request:
    body: null
    headers:
      Accept:
      - '*/*'
      Accept-Encoding:
      - gzip, deflate
      Connection:
      - keep-alive
      Content-Length:
      - '0'
      Content-Type:
      - application/json
      User-Agent:
      - ms-fabric-cli-test/1.1.0
    method: DELETE
    uri: https://api.fabric.microsoft.com/v1/workspaces/af03279a-2206-471a-bda0-c9e7a51eee6c/folders/5f71fce4-0d88-47a1-8e69-15a6065103df
  response:
    body:
      string: ''
    headers:
      Access-Control-Expose-Headers:
      - RequestId
      Cache-Control:
      - no-store, must-revalidate, no-cache
      Content-Encoding:
      - gzip
      Content-Length:
      - '0'
      Content-Type:
      - application/octet-stream
      Date:
      - Tue, 23 Sep 2025 14:04:54 GMT
      Pragma:
      - no-cache
      RequestId:
      - b950ea01-c156-429c-ad00-8565de9979d6
      Strict-Transport-Security:
      - max-age=31536000; includeSubDomains
      X-Content-Type-Options:
      - nosniff
      X-Frame-Options:
      - deny
      home-cluster-uri:
      - https://wabi-us-central-b-primary-redirect.analysis.windows.net/
      request-redirected:
      - 'true'
    status:
      code: 200
      message: OK
- request:
    body: null
    headers:
      Accept:
      - '*/*'
      Accept-Encoding:
      - gzip, deflate
      Connection:
      - keep-alive
      Content-Type:
      - application/json
      User-Agent:
      - ms-fabric-cli-test/1.1.0
    method: GET
    uri: https://api.fabric.microsoft.com/v1/workspaces
  response:
    body:
      string: '{"value": [{"id": "3634a139-2c9e-4205-910b-3b089a31be47", "displayName":
        "My workspace", "description": "", "type": "Personal"}, {"id": "d62c3503-0747-4c2f-a989-2fa627d67e8f",
        "displayName": "fabriccli_WorkspacePerTestclass_000001", "description": "Created
        by fab", "type": "Workspace", "capacityId": "00000000-0000-0000-0000-000000000004"},
        {"id": "e9586982-e180-44c1-a252-20708314648f", "displayName": "fabcli000001",
        "description": "Created by fab", "type": "Workspace", "capacityId": "00000000-0000-0000-0000-000000000004"},
        {"id": "af03279a-2206-471a-bda0-c9e7a51eee6c", "displayName": "fabcli000002",
        "description": "Created by fab", "type": "Workspace", "capacityId": "00000000-0000-0000-0000-000000000004"}]}'
    headers:
      Access-Control-Expose-Headers:
      - RequestId
      Cache-Control:
      - no-store, must-revalidate, no-cache
      Content-Encoding:
      - gzip
      Content-Length:
      - '890'
      Content-Type:
      - application/json; charset=utf-8
      Date:
      - Tue, 23 Sep 2025 14:04:54 GMT
      Pragma:
      - no-cache
      RequestId:
      - 7e905cfa-2f67-4b1a-bfc0-2bdaeab69571
      Strict-Transport-Security:
      - max-age=31536000; includeSubDomains
      X-Content-Type-Options:
      - nosniff
      X-Frame-Options:
      - deny
      home-cluster-uri:
      - https://wabi-us-central-b-primary-redirect.analysis.windows.net/
      request-redirected:
      - 'true'
    status:
      code: 200
      message: OK
- request:
    body: null
    headers:
      Accept:
      - '*/*'
      Accept-Encoding:
      - gzip, deflate
      Connection:
      - keep-alive
      Content-Type:
      - application/json
      User-Agent:
      - ms-fabric-cli-test/1.1.0
    method: GET
    uri: https://api.fabric.microsoft.com/v1/workspaces/e9586982-e180-44c1-a252-20708314648f/folders?recursive=True
  response:
    body:
      string: '{"value": [{"id": "d7fa5d6a-f00c-4779-81c1-183b7698cbde", "displayName":
        "fabcli000003", "workspaceId": "e9586982-e180-44c1-a252-20708314648f"}]}'
    headers:
      Access-Control-Expose-Headers:
      - RequestId
      Cache-Control:
      - no-store, must-revalidate, no-cache
      Content-Encoding:
      - gzip
      Content-Length:
      - '144'
      Content-Type:
      - application/json; charset=utf-8
      Date:
      - Tue, 23 Sep 2025 14:04:54 GMT
      Pragma:
      - no-cache
      RequestId:
      - 51535a51-ff6f-46eb-9f77-11226ceb5b86
      Strict-Transport-Security:
      - max-age=31536000; includeSubDomains
      X-Content-Type-Options:
      - nosniff
      X-Frame-Options:
      - deny
      home-cluster-uri:
      - https://wabi-us-central-b-primary-redirect.analysis.windows.net/
      request-redirected:
      - 'true'
    status:
      code: 200
      message: OK
- request:
    body: null
    headers:
      Accept:
      - '*/*'
      Accept-Encoding:
      - gzip, deflate
      Connection:
      - keep-alive
      Content-Length:
      - '0'
      Content-Type:
      - application/json
      User-Agent:
      - ms-fabric-cli-test/1.1.0
    method: DELETE
    uri: https://api.fabric.microsoft.com/v1/workspaces/e9586982-e180-44c1-a252-20708314648f/folders/d7fa5d6a-f00c-4779-81c1-183b7698cbde
  response:
    body:
      string: ''
    headers:
      Access-Control-Expose-Headers:
      - RequestId
      Cache-Control:
      - no-store, must-revalidate, no-cache
      Content-Encoding:
      - gzip
      Content-Length:
      - '0'
      Content-Type:
      - application/octet-stream
      Date:
      - Tue, 23 Sep 2025 14:04:56 GMT
      Pragma:
      - no-cache
      RequestId:
      - 6796ed43-9eaa-40d4-a3b3-43e43f5b7c56
      Strict-Transport-Security:
      - max-age=31536000; includeSubDomains
      X-Content-Type-Options:
      - nosniff
      X-Frame-Options:
      - deny
      home-cluster-uri:
      - https://wabi-us-central-b-primary-redirect.analysis.windows.net/
      request-redirected:
      - 'true'
    status:
      code: 200
      message: OK
- request:
    body: null
    headers:
      Accept:
      - '*/*'
      Accept-Encoding:
      - gzip, deflate
      Connection:
      - keep-alive
      Content-Type:
      - application/json
      User-Agent:
      - ms-fabric-cli-test/1.1.0
    method: GET
    uri: https://api.fabric.microsoft.com/v1/workspaces
  response:
    body:
      string: '{"value": [{"id": "3634a139-2c9e-4205-910b-3b089a31be47", "displayName":
        "My workspace", "description": "", "type": "Personal"}, {"id": "d62c3503-0747-4c2f-a989-2fa627d67e8f",
        "displayName": "fabriccli_WorkspacePerTestclass_000001", "description": "Created
        by fab", "type": "Workspace", "capacityId": "00000000-0000-0000-0000-000000000004"},
        {"id": "e9586982-e180-44c1-a252-20708314648f", "displayName": "fabcli000001",
        "description": "Created by fab", "type": "Workspace", "capacityId": "00000000-0000-0000-0000-000000000004"},
        {"id": "af03279a-2206-471a-bda0-c9e7a51eee6c", "displayName": "fabcli000002",
        "description": "Created by fab", "type": "Workspace", "capacityId": "00000000-0000-0000-0000-000000000004"}]}'
    headers:
      Access-Control-Expose-Headers:
      - RequestId
      Cache-Control:
      - no-store, must-revalidate, no-cache
      Content-Encoding:
      - gzip
      Content-Length:
      - '890'
      Content-Type:
      - application/json; charset=utf-8
      Date:
      - Tue, 23 Sep 2025 14:04:56 GMT
      Pragma:
      - no-cache
      RequestId:
      - 5fc145c6-59b5-4f65-92b9-cd99ef9e02e7
      Strict-Transport-Security:
      - max-age=31536000; includeSubDomains
      X-Content-Type-Options:
      - nosniff
      X-Frame-Options:
      - deny
      home-cluster-uri:
      - https://wabi-us-central-b-primary-redirect.analysis.windows.net/
      request-redirected:
      - 'true'
    status:
      code: 200
      message: OK
- request:
    body: null
    headers:
      Accept:
      - '*/*'
      Accept-Encoding:
      - gzip, deflate
      Connection:
      - keep-alive
      Content-Type:
      - application/json
      User-Agent:
      - ms-fabric-cli-test/1.1.0
    method: GET
    uri: https://api.fabric.microsoft.com/v1/workspaces/e9586982-e180-44c1-a252-20708314648f/items
  response:
    body:
      string: '{"value": []}'
    headers:
      Access-Control-Expose-Headers:
      - RequestId
      Cache-Control:
      - no-store, must-revalidate, no-cache
      Content-Encoding:
      - gzip
      Content-Length:
      - '32'
      Content-Type:
      - application/json; charset=utf-8
      Date:
      - Tue, 23 Sep 2025 14:04:57 GMT
      Pragma:
      - no-cache
      RequestId:
      - 41f101fb-d0ff-45e6-a617-fc214f9e7a48
      Strict-Transport-Security:
      - max-age=31536000; includeSubDomains
      X-Content-Type-Options:
      - nosniff
      X-Frame-Options:
      - deny
      home-cluster-uri:
      - https://wabi-us-central-b-primary-redirect.analysis.windows.net/
      request-redirected:
      - 'true'
    status:
      code: 200
      message: OK
- request:
    body: null
    headers:
      Accept:
      - '*/*'
      Accept-Encoding:
      - gzip, deflate
      Connection:
      - keep-alive
      Content-Length:
      - '0'
      Content-Type:
      - application/json
      User-Agent:
      - ms-fabric-cli-test/1.1.0
    method: DELETE
    uri: https://api.fabric.microsoft.com/v1/workspaces/e9586982-e180-44c1-a252-20708314648f
  response:
    body:
      string: ''
    headers:
      Access-Control-Expose-Headers:
      - RequestId
      Cache-Control:
      - no-store, must-revalidate, no-cache
      Content-Encoding:
      - gzip
      Content-Length:
      - '0'
      Content-Type:
      - application/octet-stream
      Date:
      - Tue, 23 Sep 2025 14:04:57 GMT
      Pragma:
      - no-cache
      RequestId:
      - 5d9cc725-fd34-42f0-9f9b-b0be832c9954
      Strict-Transport-Security:
      - max-age=31536000; includeSubDomains
      X-Content-Type-Options:
      - nosniff
      X-Frame-Options:
      - deny
      home-cluster-uri:
      - https://wabi-us-central-b-primary-redirect.analysis.windows.net/
      request-redirected:
      - 'true'
    status:
      code: 200
      message: OK
- request:
    body: null
    headers:
      Accept:
      - '*/*'
      Accept-Encoding:
      - gzip, deflate
      Connection:
      - keep-alive
      Content-Type:
      - application/json
      User-Agent:
      - ms-fabric-cli-test/1.1.0
    method: GET
    uri: https://api.fabric.microsoft.com/v1/workspaces
  response:
    body:
      string: '{"value": [{"id": "3634a139-2c9e-4205-910b-3b089a31be47", "displayName":
        "My workspace", "description": "", "type": "Personal"}, {"id": "d62c3503-0747-4c2f-a989-2fa627d67e8f",
        "displayName": "fabriccli_WorkspacePerTestclass_000001", "description": "Created
        by fab", "type": "Workspace", "capacityId": "00000000-0000-0000-0000-000000000004"},
        {"id": "af03279a-2206-471a-bda0-c9e7a51eee6c", "displayName": "fabcli000002",
        "description": "Created by fab", "type": "Workspace", "capacityId": "00000000-0000-0000-0000-000000000004"}]}'
    headers:
      Access-Control-Expose-Headers:
      - RequestId
      Cache-Control:
      - no-store, must-revalidate, no-cache
      Content-Encoding:
      - gzip
      Content-Length:
      - '852'
      Content-Type:
      - application/json; charset=utf-8
      Date:
      - Tue, 23 Sep 2025 14:04:57 GMT
      Pragma:
      - no-cache
      RequestId:
      - 6bf36b2f-73cf-41ea-aca0-d463118559f6
      Strict-Transport-Security:
      - max-age=31536000; includeSubDomains
      X-Content-Type-Options:
      - nosniff
      X-Frame-Options:
      - deny
      home-cluster-uri:
      - https://wabi-us-central-b-primary-redirect.analysis.windows.net/
      request-redirected:
      - 'true'
    status:
      code: 200
      message: OK
- request:
    body: null
    headers:
      Accept:
      - '*/*'
      Accept-Encoding:
      - gzip, deflate
      Connection:
      - keep-alive
      Content-Type:
      - application/json
      User-Agent:
      - ms-fabric-cli-test/1.1.0
    method: GET
    uri: https://api.fabric.microsoft.com/v1/workspaces/af03279a-2206-471a-bda0-c9e7a51eee6c/items
  response:
    body:
      string: '{"value": []}'
    headers:
      Access-Control-Expose-Headers:
      - RequestId
      Cache-Control:
      - no-store, must-revalidate, no-cache
      Content-Encoding:
      - gzip
      Content-Length:
      - '32'
      Content-Type:
      - application/json; charset=utf-8
      Date:
      - Tue, 23 Sep 2025 14:04:57 GMT
      Pragma:
      - no-cache
      RequestId:
      - c9648e17-9b33-45af-9c1b-d6b8489c9bfe
      Strict-Transport-Security:
      - max-age=31536000; includeSubDomains
      X-Content-Type-Options:
      - nosniff
      X-Frame-Options:
      - deny
      home-cluster-uri:
      - https://wabi-us-central-b-primary-redirect.analysis.windows.net/
      request-redirected:
      - 'true'
    status:
      code: 200
      message: OK
- request:
    body: null
    headers:
      Accept:
      - '*/*'
      Accept-Encoding:
      - gzip, deflate
      Connection:
      - keep-alive
      Content-Length:
      - '0'
      Content-Type:
      - application/json
      User-Agent:
      - ms-fabric-cli-test/1.1.0
    method: DELETE
    uri: https://api.fabric.microsoft.com/v1/workspaces/af03279a-2206-471a-bda0-c9e7a51eee6c
  response:
    body:
      string: ''
    headers:
      Access-Control-Expose-Headers:
      - RequestId
      Cache-Control:
      - no-store, must-revalidate, no-cache
      Content-Encoding:
      - gzip
      Content-Length:
      - '0'
      Content-Type:
      - application/octet-stream
      Date:
      - Tue, 23 Sep 2025 14:04:59 GMT
      Pragma:
      - no-cache
      RequestId:
      - eaa614d1-63ed-474f-b0f7-689bd46bb67a
      Strict-Transport-Security:
      - max-age=31536000; includeSubDomains
      X-Content-Type-Options:
      - nosniff
      X-Frame-Options:
      - deny
      home-cluster-uri:
      - https://wabi-us-central-b-primary-redirect.analysis.windows.net/
      request-redirected:
      - 'true'
    status:
      code: 200
      message: OK
version: 1
