interactions:
- request:
    body: null
    headers:
      Accept:
      - '*/*'
      Accept-Encoding:
      - gzip, deflate
      Connection:
      - keep-alive
      Content-Type:
      - application/json
      User-Agent:
      - ms-fabric-cli-test/1.1.0
    method: GET
    uri: https://api.fabric.microsoft.com/v1/workspaces
  response:
    body:
      string: '{"value": [{"id": "3634a139-2c9e-4205-910b-3b089a31be47", "displayName":
        "My workspace", "description": "", "type": "Personal"}, {"id": "4eb63b65-4fbd-4008-8ded-e074c5c4230f",
        "displayName": "fabriccli_WorkspacePerTestclass_000001", "description": "Created
        by fab", "type": "Workspace", "capacityId": "00000000-0000-0000-0000-000000000004"}]}'
    headers:
      Access-Control-Expose-Headers:
      - RequestId
      Cache-Control:
      - no-store, must-revalidate, no-cache
      Content-Encoding:
      - gzip
      Content-Length:
      - '819'
      Content-Type:
      - application/json; charset=utf-8
      Date:
      - Mon, 29 Sep 2025 10:18:34 GMT
      Pragma:
      - no-cache
      RequestId:
      - 0a5fdf1b-1126-4242-b92d-8cb693bcbcfb
      Strict-Transport-Security:
      - max-age=31536000; includeSubDomains
      X-Content-Type-Options:
      - nosniff
      X-Frame-Options:
      - deny
      home-cluster-uri:
      - https://wabi-us-central-b-primary-redirect.analysis.windows.net/
      request-redirected:
      - 'true'
    status:
      code: 200
      message: OK
- request:
    body: null
    headers:
      Accept:
      - '*/*'
      Accept-Encoding:
      - gzip, deflate
      Connection:
      - keep-alive
      Content-Type:
      - application/json
      User-Agent:
      - ms-fabric-cli-test/1.1.0
    method: GET
    uri: https://api.fabric.microsoft.com/v1/workspaces
  response:
    body:
      string: '{"value": [{"id": "3634a139-2c9e-4205-910b-3b089a31be47", "displayName":
        "My workspace", "description": "", "type": "Personal"}, {"id": "4eb63b65-4fbd-4008-8ded-e074c5c4230f",
        "displayName": "fabriccli_WorkspacePerTestclass_000001", "description": "Created
        by fab", "type": "Workspace", "capacityId": "00000000-0000-0000-0000-000000000004"}]}'
    headers:
      Access-Control-Expose-Headers:
      - RequestId
      Cache-Control:
      - no-store, must-revalidate, no-cache
      Content-Encoding:
      - gzip
      Content-Length:
      - '819'
      Content-Type:
      - application/json; charset=utf-8
      Date:
      - Mon, 29 Sep 2025 10:18:36 GMT
      Pragma:
      - no-cache
      RequestId:
      - 0bfea227-b185-4eca-ab45-50b79ec68983
      Strict-Transport-Security:
      - max-age=31536000; includeSubDomains
      X-Content-Type-Options:
      - nosniff
      X-Frame-Options:
      - deny
      home-cluster-uri:
      - https://wabi-us-central-b-primary-redirect.analysis.windows.net/
      request-redirected:
      - 'true'
    status:
      code: 200
      message: OK
- request:
    body: null
    headers:
      Accept:
      - '*/*'
      Accept-Encoding:
      - gzip, deflate
      Connection:
      - keep-alive
      Content-Type:
      - application/json
      User-Agent:
      - ms-fabric-cli-test/1.1.0
    method: GET
    uri: https://api.fabric.microsoft.com/v1/capacities
  response:
    body:
      string: '{"value": [{"id": "00000000-0000-0000-0000-000000000004", "displayName":
        "mocked_fabriccli_capacity_name", "sku": "F2", "region": "Central US", "state":
        "Active"}]}'
    headers:
      Access-Control-Expose-Headers:
      - RequestId
      Cache-Control:
      - no-store, must-revalidate, no-cache
      Content-Encoding:
      - gzip
      Content-Length:
      - '271'
      Content-Type:
      - application/json; charset=utf-8
      Date:
      - Mon, 29 Sep 2025 10:18:42 GMT
      Pragma:
      - no-cache
      RequestId:
      - 70fd05ab-87bd-465d-a547-0d2b16798224
      Strict-Transport-Security:
      - max-age=31536000; includeSubDomains
      X-Content-Type-Options:
      - nosniff
      X-Frame-Options:
      - deny
      home-cluster-uri:
      - https://wabi-us-central-b-primary-redirect.analysis.windows.net/
      request-redirected:
      - 'true'
    status:
      code: 200
      message: OK
- request:
    body: '{"description": "Created by fab", "displayName": "fabcli000001", "capacityId":
      "00000000-0000-0000-0000-000000000004"}'
    headers:
      Accept:
      - '*/*'
      Accept-Encoding:
      - gzip, deflate
      Connection:
      - keep-alive
      Content-Length:
      - '122'
      Content-Type:
      - application/json
      User-Agent:
      - ms-fabric-cli-test/1.1.0
    method: POST
    uri: https://api.fabric.microsoft.com/v1/workspaces
  response:
    body:
      string: '{"id": "c9897212-6982-4dd6-bdbb-9b29e2895b4c", "displayName": "fabcli000001",
        "description": "Created by fab", "type": "Workspace", "capacityId": "00000000-0000-0000-0000-000000000004"}'
    headers:
      Access-Control-Expose-Headers:
      - RequestId,Location
      Cache-Control:
      - no-store, must-revalidate, no-cache
      Content-Encoding:
      - gzip
      Content-Length:
      - '166'
      Content-Type:
      - application/json; charset=utf-8
      Date:
      - Mon, 29 Sep 2025 10:18:50 GMT
      Location:
      - https://api.fabric.microsoft.com/v1/workspaces/c9897212-6982-4dd6-bdbb-9b29e2895b4c
      Pragma:
      - no-cache
      RequestId:
      - ee8d0cf1-b7e3-49fa-a71c-3a94ba68308c
      Strict-Transport-Security:
      - max-age=31536000; includeSubDomains
      X-Content-Type-Options:
      - nosniff
      X-Frame-Options:
      - deny
      home-cluster-uri:
      - https://wabi-us-central-b-primary-redirect.analysis.windows.net/
      request-redirected:
      - 'true'
    status:
      code: 201
      message: Created
- request:
    body: null
    headers:
      Accept:
      - '*/*'
      Accept-Encoding:
      - gzip, deflate
      Connection:
      - keep-alive
      Content-Type:
      - application/json
      User-Agent:
      - ms-fabric-cli-test/1.1.0
    method: GET
    uri: https://api.fabric.microsoft.com/v1/workspaces
  response:
    body:
      string: '{"value": [{"id": "3634a139-2c9e-4205-910b-3b089a31be47", "displayName":
        "My workspace", "description": "", "type": "Personal"}, {"id": "4eb63b65-4fbd-4008-8ded-e074c5c4230f",
        "displayName": "fabriccli_WorkspacePerTestclass_000001", "description": "Created
        by fab", "type": "Workspace", "capacityId": "00000000-0000-0000-0000-000000000004"},
        {"id": "c9897212-6982-4dd6-bdbb-9b29e2895b4c", "displayName": "fabcli000001",
        "description": "Created by fab", "type": "Workspace", "capacityId": "00000000-0000-0000-0000-000000000004"}]}'
    headers:
      Access-Control-Expose-Headers:
      - RequestId
      Cache-Control:
      - no-store, must-revalidate, no-cache
      Content-Encoding:
      - gzip
      Content-Length:
      - '850'
      Content-Type:
      - application/json; charset=utf-8
      Date:
      - Mon, 29 Sep 2025 10:18:52 GMT
      Pragma:
      - no-cache
      RequestId:
      - 8a5fae48-fc5d-4758-9872-91fccc5c7665
      Strict-Transport-Security:
      - max-age=31536000; includeSubDomains
      X-Content-Type-Options:
      - nosniff
      X-Frame-Options:
      - deny
      home-cluster-uri:
      - https://wabi-us-central-b-primary-redirect.analysis.windows.net/
      request-redirected:
      - 'true'
    status:
      code: 200
      message: OK
- request:
    body: null
    headers:
      Accept:
      - '*/*'
      Accept-Encoding:
      - gzip, deflate
      Connection:
      - keep-alive
      Content-Type:
      - application/json
      User-Agent:
      - ms-fabric-cli-test/1.1.0
    method: GET
    uri: https://api.fabric.microsoft.com/v1/workspaces
  response:
    body:
      string: '{"value": [{"id": "3634a139-2c9e-4205-910b-3b089a31be47", "displayName":
        "My workspace", "description": "", "type": "Personal"}, {"id": "4eb63b65-4fbd-4008-8ded-e074c5c4230f",
        "displayName": "fabriccli_WorkspacePerTestclass_000001", "description": "Created
        by fab", "type": "Workspace", "capacityId": "00000000-0000-0000-0000-000000000004"},
        {"id": "c9897212-6982-4dd6-bdbb-9b29e2895b4c", "displayName": "fabcli000001",
        "description": "Created by fab", "type": "Workspace", "capacityId": "00000000-0000-0000-0000-000000000004"}]}'
    headers:
      Access-Control-Expose-Headers:
      - RequestId
      Cache-Control:
      - no-store, must-revalidate, no-cache
      Content-Encoding:
      - gzip
      Content-Length:
      - '850'
      Content-Type:
      - application/json; charset=utf-8
      Date:
      - Mon, 29 Sep 2025 10:18:53 GMT
      Pragma:
      - no-cache
      RequestId:
      - 631923e2-340c-418e-9190-19b3640a8ad9
      Strict-Transport-Security:
      - max-age=31536000; includeSubDomains
      X-Content-Type-Options:
      - nosniff
      X-Frame-Options:
      - deny
      home-cluster-uri:
      - https://wabi-us-central-b-primary-redirect.analysis.windows.net/
      request-redirected:
      - 'true'
    status:
      code: 200
      message: OK
- request:
    body: null
    headers:
      Accept:
      - '*/*'
      Accept-Encoding:
      - gzip, deflate
      Connection:
      - keep-alive
      Content-Type:
      - application/json
      User-Agent:
      - ms-fabric-cli-test/1.1.0
    method: GET
    uri: https://api.fabric.microsoft.com/v1/capacities
  response:
    body:
      string: '{"value": [{"id": "00000000-0000-0000-0000-000000000004", "displayName":
        "mocked_fabriccli_capacity_name", "sku": "F2", "region": "Central US", "state":
        "Active"}]}'
    headers:
      Access-Control-Expose-Headers:
      - RequestId
      Cache-Control:
      - no-store, must-revalidate, no-cache
      Content-Encoding:
      - gzip
      Content-Length:
      - '271'
      Content-Type:
      - application/json; charset=utf-8
      Date:
      - Mon, 29 Sep 2025 10:18:59 GMT
      Pragma:
      - no-cache
      RequestId:
      - 7f1a9fb0-999b-47a6-b2c3-4a36d16006b6
      Strict-Transport-Security:
      - max-age=31536000; includeSubDomains
      X-Content-Type-Options:
      - nosniff
      X-Frame-Options:
      - deny
      home-cluster-uri:
      - https://wabi-us-central-b-primary-redirect.analysis.windows.net/
      request-redirected:
      - 'true'
    status:
      code: 200
      message: OK
- request:
    body: '{"description": "Created by fab", "displayName": "fabcli000002", "capacityId":
      "00000000-0000-0000-0000-000000000004"}'
    headers:
      Accept:
      - '*/*'
      Accept-Encoding:
      - gzip, deflate
      Connection:
      - keep-alive
      Content-Length:
      - '122'
      Content-Type:
      - application/json
      User-Agent:
      - ms-fabric-cli-test/1.1.0
    method: POST
    uri: https://api.fabric.microsoft.com/v1/workspaces
  response:
    body:
      string: '{"id": "e3b7a648-e3ed-458f-bdc2-c9721d2d04f6", "displayName": "fabcli000002",
        "description": "Created by fab", "type": "Workspace", "capacityId": "00000000-0000-0000-0000-000000000004"}'
    headers:
      Access-Control-Expose-Headers:
      - RequestId,Location
      Cache-Control:
      - no-store, must-revalidate, no-cache
      Content-Encoding:
      - gzip
      Content-Length:
      - '166'
      Content-Type:
      - application/json; charset=utf-8
      Date:
      - Mon, 29 Sep 2025 10:19:07 GMT
      Location:
      - https://api.fabric.microsoft.com/v1/workspaces/e3b7a648-e3ed-458f-bdc2-c9721d2d04f6
      Pragma:
      - no-cache
      RequestId:
      - ce767ec8-797b-4993-8c84-c7e73a59f57a
      Strict-Transport-Security:
      - max-age=31536000; includeSubDomains
      X-Content-Type-Options:
      - nosniff
      X-Frame-Options:
      - deny
      home-cluster-uri:
      - https://wabi-us-central-b-primary-redirect.analysis.windows.net/
      request-redirected:
      - 'true'
    status:
      code: 201
      message: Created
- request:
    body: null
    headers:
      Accept:
      - '*/*'
      Accept-Encoding:
      - gzip, deflate
      Connection:
      - keep-alive
      Content-Type:
      - application/json
      User-Agent:
      - ms-fabric-cli-test/1.1.0
    method: GET
    uri: https://api.fabric.microsoft.com/v1/workspaces
  response:
    body:
      string: '{"value": [{"id": "3634a139-2c9e-4205-910b-3b089a31be47", "displayName":
        "My workspace", "description": "", "type": "Personal"}, {"id": "4eb63b65-4fbd-4008-8ded-e074c5c4230f",
        "displayName": "fabriccli_WorkspacePerTestclass_000001", "description": "Created
        by fab", "type": "Workspace", "capacityId": "00000000-0000-0000-0000-000000000004"},
        {"id": "c9897212-6982-4dd6-bdbb-9b29e2895b4c", "displayName": "fabcli000001",
        "description": "Created by fab", "type": "Workspace", "capacityId": "00000000-0000-0000-0000-000000000004"},
        {"id": "e3b7a648-e3ed-458f-bdc2-c9721d2d04f6", "displayName": "fabcli000002",
        "description": "Created by fab", "type": "Workspace", "capacityId": "00000000-0000-0000-0000-000000000004"}]}'
    headers:
      Access-Control-Expose-Headers:
      - RequestId
      Cache-Control:
      - no-store, must-revalidate, no-cache
      Content-Encoding:
      - gzip
      Content-Length:
      - '884'
      Content-Type:
      - application/json; charset=utf-8
      Date:
      - Mon, 29 Sep 2025 10:19:09 GMT
      Pragma:
      - no-cache
      RequestId:
      - f752680a-cfff-489d-893a-b01f64857455
      Strict-Transport-Security:
      - max-age=31536000; includeSubDomains
      X-Content-Type-Options:
      - nosniff
      X-Frame-Options:
      - deny
      home-cluster-uri:
      - https://wabi-us-central-b-primary-redirect.analysis.windows.net/
      request-redirected:
      - 'true'
    status:
      code: 200
      message: OK
- request:
    body: null
    headers:
      Accept:
      - '*/*'
      Accept-Encoding:
      - gzip, deflate
      Connection:
      - keep-alive
      Content-Type:
      - application/json
      User-Agent:
      - ms-fabric-cli-test/1.1.0
    method: GET
    uri: https://api.fabric.microsoft.com/v1/workspaces/c9897212-6982-4dd6-bdbb-9b29e2895b4c/folders?recursive=True
  response:
    body:
      string: '{"value": []}'
    headers:
      Access-Control-Expose-Headers:
      - RequestId
      Cache-Control:
      - no-store, must-revalidate, no-cache
      Content-Encoding:
      - gzip
      Content-Length:
      - '32'
      Content-Type:
      - application/json; charset=utf-8
      Date:
      - Mon, 29 Sep 2025 10:19:10 GMT
      Pragma:
      - no-cache
      RequestId:
      - 47ff5a75-f12d-4506-986c-d65bffbc0f86
      Strict-Transport-Security:
      - max-age=31536000; includeSubDomains
      X-Content-Type-Options:
      - nosniff
      X-Frame-Options:
      - deny
      home-cluster-uri:
      - https://wabi-us-central-b-primary-redirect.analysis.windows.net/
      request-redirected:
      - 'true'
    status:
      code: 200
      message: OK
- request:
    body: null
    headers:
      Accept:
      - '*/*'
      Accept-Encoding:
      - gzip, deflate
      Connection:
      - keep-alive
      Content-Type:
      - application/json
      User-Agent:
      - ms-fabric-cli-test/1.1.0
    method: GET
    uri: https://api.fabric.microsoft.com/v1/workspaces/c9897212-6982-4dd6-bdbb-9b29e2895b4c/folders?recursive=True
  response:
    body:
      string: '{"value": []}'
    headers:
      Access-Control-Expose-Headers:
      - RequestId
      Cache-Control:
      - no-store, must-revalidate, no-cache
      Content-Encoding:
      - gzip
      Content-Length:
      - '32'
      Content-Type:
      - application/json; charset=utf-8
      Date:
      - Mon, 29 Sep 2025 10:19:11 GMT
      Pragma:
      - no-cache
      RequestId:
      - 0347ae56-704a-4df1-8b70-9e6139e55c61
      Strict-Transport-Security:
      - max-age=31536000; includeSubDomains
      X-Content-Type-Options:
      - nosniff
      X-Frame-Options:
      - deny
      home-cluster-uri:
      - https://wabi-us-central-b-primary-redirect.analysis.windows.net/
      request-redirected:
      - 'true'
    status:
      code: 200
      message: OK
- request:
    body: '{"description": "Created by fab", "displayName": "fabcli000003"}'
    headers:
      Accept:
      - '*/*'
      Accept-Encoding:
      - gzip, deflate
      Connection:
      - keep-alive
      Content-Length:
      - '68'
      Content-Type:
      - application/json
      User-Agent:
      - ms-fabric-cli-test/1.1.0
    method: POST
    uri: https://api.fabric.microsoft.com/v1/workspaces/c9897212-6982-4dd6-bdbb-9b29e2895b4c/folders
  response:
    body:
      string: '{"id": "853e8442-3359-4269-8016-b56d0ae9dd5d", "displayName": "fabcli000003",
        "workspaceId": "c9897212-6982-4dd6-bdbb-9b29e2895b4c"}'
    headers:
      Access-Control-Expose-Headers:
      - RequestId,Location
      Cache-Control:
      - no-store, must-revalidate, no-cache
      Content-Encoding:
      - gzip
      Content-Length:
      - '132'
      Content-Type:
      - application/json; charset=utf-8
      Date:
      - Mon, 29 Sep 2025 10:19:13 GMT
      Location:
      - https://api.fabric.microsoft.com/v1/workspaces/c9897212-6982-4dd6-bdbb-9b29e2895b4c/folders/853e8442-3359-4269-8016-b56d0ae9dd5d
      Pragma:
      - no-cache
      RequestId:
      - 53a4eb47-697b-46ae-a852-ea423f61590b
      Strict-Transport-Security:
      - max-age=31536000; includeSubDomains
      X-Content-Type-Options:
      - nosniff
      X-Frame-Options:
      - deny
      home-cluster-uri:
      - https://wabi-us-central-b-primary-redirect.analysis.windows.net/
      request-redirected:
      - 'true'
    status:
      code: 201
      message: Created
- request:
    body: null
    headers:
      Accept:
      - '*/*'
      Accept-Encoding:
      - gzip, deflate
      Connection:
      - keep-alive
      Content-Type:
      - application/json
      User-Agent:
      - ms-fabric-cli-test/1.1.0
    method: GET
    uri: https://api.fabric.microsoft.com/v1/workspaces
  response:
    body:
      string: '{"value": [{"id": "3634a139-2c9e-4205-910b-3b089a31be47", "displayName":
        "My workspace", "description": "", "type": "Personal"}, {"id": "4eb63b65-4fbd-4008-8ded-e074c5c4230f",
        "displayName": "fabriccli_WorkspacePerTestclass_000001", "description": "Created
        by fab", "type": "Workspace", "capacityId": "00000000-0000-0000-0000-000000000004"},
        {"id": "c9897212-6982-4dd6-bdbb-9b29e2895b4c", "displayName": "fabcli000001",
        "description": "Created by fab", "type": "Workspace", "capacityId": "00000000-0000-0000-0000-000000000004"},
        {"id": "e3b7a648-e3ed-458f-bdc2-c9721d2d04f6", "displayName": "fabcli000002",
        "description": "Created by fab", "type": "Workspace", "capacityId": "00000000-0000-0000-0000-000000000004"}]}'
    headers:
      Access-Control-Expose-Headers:
      - RequestId
      Cache-Control:
      - no-store, must-revalidate, no-cache
      Content-Encoding:
      - gzip
      Content-Length:
      - '884'
      Content-Type:
      - application/json; charset=utf-8
      Date:
      - Mon, 29 Sep 2025 10:19:13 GMT
      Pragma:
      - no-cache
      RequestId:
      - a8b70b2b-ae82-4730-8c80-269053c0571b
      Strict-Transport-Security:
      - max-age=31536000; includeSubDomains
      X-Content-Type-Options:
      - nosniff
      X-Frame-Options:
      - deny
      home-cluster-uri:
      - https://wabi-us-central-b-primary-redirect.analysis.windows.net/
      request-redirected:
      - 'true'
    status:
      code: 200
      message: OK
- request:
    body: null
    headers:
      Accept:
      - '*/*'
      Accept-Encoding:
      - gzip, deflate
      Connection:
      - keep-alive
      Content-Type:
      - application/json
      User-Agent:
      - ms-fabric-cli-test/1.1.0
    method: GET
    uri: https://api.fabric.microsoft.com/v1/workspaces/e3b7a648-e3ed-458f-bdc2-c9721d2d04f6/folders?recursive=True
  response:
    body:
      string: '{"value": []}'
    headers:
      Access-Control-Expose-Headers:
      - RequestId
      Cache-Control:
      - no-store, must-revalidate, no-cache
      Content-Encoding:
      - gzip
      Content-Length:
      - '32'
      Content-Type:
      - application/json; charset=utf-8
      Date:
      - Mon, 29 Sep 2025 10:19:14 GMT
      Pragma:
      - no-cache
      RequestId:
      - ef223a53-fcce-41aa-a94a-c67f5f89b9d1
      Strict-Transport-Security:
      - max-age=31536000; includeSubDomains
      X-Content-Type-Options:
      - nosniff
      X-Frame-Options:
      - deny
      home-cluster-uri:
      - https://wabi-us-central-b-primary-redirect.analysis.windows.net/
      request-redirected:
      - 'true'
    status:
      code: 200
      message: OK
- request:
    body: null
    headers:
      Accept:
      - '*/*'
      Accept-Encoding:
      - gzip, deflate
      Connection:
      - keep-alive
      Content-Type:
      - application/json
      User-Agent:
      - ms-fabric-cli-test/1.1.0
    method: GET
    uri: https://api.fabric.microsoft.com/v1/workspaces/e3b7a648-e3ed-458f-bdc2-c9721d2d04f6/folders?recursive=True
  response:
    body:
      string: '{"value": []}'
    headers:
      Access-Control-Expose-Headers:
      - RequestId
      Cache-Control:
      - no-store, must-revalidate, no-cache
      Content-Encoding:
      - gzip
      Content-Length:
      - '32'
      Content-Type:
      - application/json; charset=utf-8
      Date:
      - Mon, 29 Sep 2025 10:19:16 GMT
      Pragma:
      - no-cache
      RequestId:
      - e52c3743-e7ae-4cc7-b68a-d3adb02c340e
      Strict-Transport-Security:
      - max-age=31536000; includeSubDomains
      X-Content-Type-Options:
      - nosniff
      X-Frame-Options:
      - deny
      home-cluster-uri:
      - https://wabi-us-central-b-primary-redirect.analysis.windows.net/
      request-redirected:
      - 'true'
    status:
      code: 200
      message: OK
- request:
    body: '{"description": "Created by fab", "displayName": "fabcli000004"}'
    headers:
      Accept:
      - '*/*'
      Accept-Encoding:
      - gzip, deflate
      Connection:
      - keep-alive
      Content-Length:
      - '68'
      Content-Type:
      - application/json
      User-Agent:
      - ms-fabric-cli-test/1.1.0
    method: POST
    uri: https://api.fabric.microsoft.com/v1/workspaces/e3b7a648-e3ed-458f-bdc2-c9721d2d04f6/folders
  response:
    body:
      string: '{"id": "35ed9a5a-ea6d-436a-b2c7-1883c9f85ff6", "displayName": "fabcli000004",
        "workspaceId": "e3b7a648-e3ed-458f-bdc2-c9721d2d04f6"}'
    headers:
      Access-Control-Expose-Headers:
      - RequestId,Location
      Cache-Control:
      - no-store, must-revalidate, no-cache
      Content-Encoding:
      - gzip
      Content-Length:
      - '131'
      Content-Type:
      - application/json; charset=utf-8
      Date:
      - Mon, 29 Sep 2025 10:19:17 GMT
      Location:
      - https://api.fabric.microsoft.com/v1/workspaces/e3b7a648-e3ed-458f-bdc2-c9721d2d04f6/folders/35ed9a5a-ea6d-436a-b2c7-1883c9f85ff6
      Pragma:
      - no-cache
      RequestId:
      - 3fa186e1-cafd-4dbf-9216-683d82d8851f
      Strict-Transport-Security:
      - max-age=31536000; includeSubDomains
      X-Content-Type-Options:
      - nosniff
      X-Frame-Options:
      - deny
      home-cluster-uri:
      - https://wabi-us-central-b-primary-redirect.analysis.windows.net/
      request-redirected:
      - 'true'
    status:
      code: 201
      message: Created
- request:
    body: null
    headers:
      Accept:
      - '*/*'
      Accept-Encoding:
      - gzip, deflate
      Connection:
      - keep-alive
      Content-Type:
      - application/json
      User-Agent:
      - ms-fabric-cli-test/1.1.0
    method: GET
    uri: https://api.fabric.microsoft.com/v1/workspaces
  response:
    body:
      string: '{"value": [{"id": "3634a139-2c9e-4205-910b-3b089a31be47", "displayName":
        "My workspace", "description": "", "type": "Personal"}, {"id": "4eb63b65-4fbd-4008-8ded-e074c5c4230f",
        "displayName": "fabriccli_WorkspacePerTestclass_000001", "description": "Created
        by fab", "type": "Workspace", "capacityId": "00000000-0000-0000-0000-000000000004"},
        {"id": "c9897212-6982-4dd6-bdbb-9b29e2895b4c", "displayName": "fabcli000001",
        "description": "Created by fab", "type": "Workspace", "capacityId": "00000000-0000-0000-0000-000000000004"},
        {"id": "e3b7a648-e3ed-458f-bdc2-c9721d2d04f6", "displayName": "fabcli000002",
        "description": "Created by fab", "type": "Workspace", "capacityId": "00000000-0000-0000-0000-000000000004"}]}'
    headers:
      Access-Control-Expose-Headers:
      - RequestId
      Cache-Control:
      - no-store, must-revalidate, no-cache
      Content-Encoding:
      - gzip
      Content-Length:
      - '884'
      Content-Type:
      - application/json; charset=utf-8
      Date:
      - Mon, 29 Sep 2025 10:19:19 GMT
      Pragma:
      - no-cache
      RequestId:
      - 4085ae5a-3d44-46dc-be87-38078ab0f4e2
      Strict-Transport-Security:
      - max-age=31536000; includeSubDomains
      X-Content-Type-Options:
      - nosniff
      X-Frame-Options:
      - deny
      home-cluster-uri:
      - https://wabi-us-central-b-primary-redirect.analysis.windows.net/
      request-redirected:
      - 'true'
    status:
      code: 200
      message: OK
- request:
    body: null
    headers:
      Accept:
      - '*/*'
      Accept-Encoding:
      - gzip, deflate
      Connection:
      - keep-alive
      Content-Type:
      - application/json
      User-Agent:
      - ms-fabric-cli-test/1.1.0
    method: GET
    uri: https://api.fabric.microsoft.com/v1/workspaces/c9897212-6982-4dd6-bdbb-9b29e2895b4c/items
  response:
    body:
      string: '{"value": []}'
    headers:
      Access-Control-Expose-Headers:
      - RequestId
      Cache-Control:
      - no-store, must-revalidate, no-cache
      Content-Encoding:
      - gzip
      Content-Length:
      - '32'
      Content-Type:
      - application/json; charset=utf-8
      Date:
      - Mon, 29 Sep 2025 10:19:20 GMT
      Pragma:
      - no-cache
      RequestId:
      - 2cd0fcd4-5870-4140-bacb-1f22c35c72b8
      Strict-Transport-Security:
      - max-age=31536000; includeSubDomains
      X-Content-Type-Options:
      - nosniff
      X-Frame-Options:
      - deny
      home-cluster-uri:
      - https://wabi-us-central-b-primary-redirect.analysis.windows.net/
      request-redirected:
      - 'true'
    status:
      code: 200
      message: OK
- request:
    body: null
    headers:
      Accept:
      - '*/*'
      Accept-Encoding:
      - gzip, deflate
      Connection:
      - keep-alive
      Content-Type:
      - application/json
      User-Agent:
      - ms-fabric-cli-test/1.1.0
    method: GET
    uri: https://api.fabric.microsoft.com/v1/workspaces/c9897212-6982-4dd6-bdbb-9b29e2895b4c/items
  response:
    body:
      string: '{"value": []}'
    headers:
      Access-Control-Expose-Headers:
      - RequestId
      Cache-Control:
      - no-store, must-revalidate, no-cache
      Content-Encoding:
      - gzip
      Content-Length:
      - '32'
      Content-Type:
      - application/json; charset=utf-8
      Date:
      - Mon, 29 Sep 2025 10:19:22 GMT
      Pragma:
      - no-cache
      RequestId:
      - 6b20ebe8-e70a-4780-8737-d772d4536538
      Strict-Transport-Security:
      - max-age=31536000; includeSubDomains
      X-Content-Type-Options:
      - nosniff
      X-Frame-Options:
      - deny
      home-cluster-uri:
      - https://wabi-us-central-b-primary-redirect.analysis.windows.net/
      request-redirected:
      - 'true'
    status:
      code: 200
      message: OK
- request:
    body: '{"description": "Created by fab", "displayName": "fabcli000005", "type":
      "Notebook", "folderId": null, "definition": {"parts": [{"path": "notebook-content.py",
      "payload": "IyBGYWJyaWMgbm90ZWJvb2sgc291cmNlCgojIE1FVEFEQVRBICoqKioqKioqKioqKioqKioqKioqCgojIE1FVEEgewojIE1FVEEgICAia2VybmVsX2luZm8iOiB7CiMgTUVUQSAgICAgIm5hbWUiOiAic3luYXBzZV9weXNwYXJrIgojIE1FVEEgICB9LAojIE1FVEEgICAiZGVwZW5kZW5jaWVzIjoge30KIyBNRVRBIH0KCiMgQ0VMTCAqKioqKioqKioqKioqKioqKioqKgoKIyBXZWxjb21lIHRvIHlvdXIgbmV3IG5vdGVib29rCiMgVHlwZSBoZXJlIGluIHRoZSBjZWxsIGVkaXRvciB0byBhZGQgY29kZSEKCgojIE1FVEFEQVRBICoqKioqKioqKioqKioqKioqKioqCgojIE1FVEEgewojIE1FVEEgICAibGFuZ3VhZ2UiOiAicHl0aG9uIiwKIyBNRVRBICAgImxhbmd1YWdlX2dyb3VwIjogInN5bmFwc2VfcHlzcGFyayIKIyBNRVRBIH0K",
      "payloadType": "InlineBase64"}]}}'
    headers:
      Accept:
      - '*/*'
      Accept-Encoding:
      - gzip, deflate
      Connection:
      - keep-alive
      Content-Length:
      - '764'
      Content-Type:
      - application/json
      User-Agent:
      - ms-fabric-cli-test/1.1.0
    method: POST
    uri: https://api.fabric.microsoft.com/v1/workspaces/c9897212-6982-4dd6-bdbb-9b29e2895b4c/notebooks
  response:
    body:
      string: 'null'
    headers:
      Access-Control-Expose-Headers:
      - RequestId,Location,Retry-After,ETag,x-ms-operation-id
      Cache-Control:
      - no-store, must-revalidate, no-cache
      Content-Encoding:
      - gzip
      Content-Length:
      - '24'
      Content-Type:
      - application/json; charset=utf-8
      Date:
      - Mon, 29 Sep 2025 10:19:24 GMT
      ETag:
      - '""'
      Location:
      - https://wabi-us-central-b-primary-redirect.analysis.windows.net/v1/operations/abbb98c0-77c8-46b3-9657-324fd792827f
      Pragma:
      - no-cache
      RequestId:
      - 467fc7b1-c020-47aa-8a9e-e492a5e31777
      Retry-After:
      - '20'
      Strict-Transport-Security:
      - max-age=31536000; includeSubDomains
      X-Content-Type-Options:
      - nosniff
      X-Frame-Options:
      - deny
      home-cluster-uri:
      - https://wabi-us-central-b-primary-redirect.analysis.windows.net/
      request-redirected:
      - 'true'
      x-ms-operation-id:
      - abbb98c0-77c8-46b3-9657-324fd792827f
    status:
      code: 202
      message: Accepted
- request:
    body: null
    headers:
      Accept:
      - '*/*'
      Accept-Encoding:
      - gzip, deflate
      Connection:
      - keep-alive
      Content-Type:
      - application/json
      User-Agent:
      - ms-fabric-cli-test/1.1.0
    method: GET
    uri: https://wabi-us-central-b-primary-redirect.analysis.windows.net/v1/operations/abbb98c0-77c8-46b3-9657-324fd792827f
  response:
    body:
      string: '{"status": "Succeeded", "createdTimeUtc": "2025-09-29T10:19:24.1381405",
        "lastUpdatedTimeUtc": "2025-09-29T10:19:25.7005546", "percentComplete": 100,
        "error": null}'
    headers:
      Access-Control-Expose-Headers:
      - RequestId,Location,x-ms-operation-id
      Cache-Control:
      - no-store, must-revalidate, no-cache
      Content-Encoding:
      - gzip
      Content-Length:
      - '131'
      Content-Type:
      - application/json; charset=utf-8
      Date:
      - Mon, 29 Sep 2025 10:19:45 GMT
      Location:
      - https://wabi-us-central-b-primary-redirect.analysis.windows.net/v1/operations/abbb98c0-77c8-46b3-9657-324fd792827f/result
      Pragma:
      - no-cache
      RequestId:
      - e264d873-20c7-406c-8632-da36e84975bc
      Strict-Transport-Security:
      - max-age=31536000; includeSubDomains
      X-Content-Type-Options:
      - nosniff
      X-Frame-Options:
      - deny
      x-ms-operation-id:
      - abbb98c0-77c8-46b3-9657-324fd792827f
    status:
      code: 200
      message: OK
- request:
    body: null
    headers:
      Accept:
      - '*/*'
      Accept-Encoding:
      - gzip, deflate
      Connection:
      - keep-alive
      Content-Type:
      - application/json
      User-Agent:
      - ms-fabric-cli-test/1.1.0
    method: GET
    uri: https://wabi-us-central-b-primary-redirect.analysis.windows.net/v1/operations/abbb98c0-77c8-46b3-9657-324fd792827f/result
  response:
    body:
      string: '{"id": "cbc7fb12-bac2-4b06-832c-090df983260d", "type": "Notebook",
        "displayName": "fabcli000005", "description": "Created by fab", "workspaceId":
        "c9897212-6982-4dd6-bdbb-9b29e2895b4c"}'
    headers:
      Access-Control-Expose-Headers:
      - RequestId
      Cache-Control:
      - no-store, must-revalidate, no-cache
      Content-Encoding:
      - gzip
      Content-Type:
      - application/json
      Date:
      - Mon, 29 Sep 2025 10:19:46 GMT
      Pragma:
      - no-cache
      RequestId:
      - ff857c4b-2816-4798-ab66-1fcdf0a41db8
      Strict-Transport-Security:
      - max-age=31536000; includeSubDomains
      Transfer-Encoding:
      - chunked
      X-Content-Type-Options:
      - nosniff
      X-Frame-Options:
      - deny
    status:
      code: 200
      message: OK
- request:
    body: null
    headers:
      Accept:
      - '*/*'
      Accept-Encoding:
      - gzip, deflate
      Connection:
      - keep-alive
      Content-Type:
      - application/json
      User-Agent:
      - ms-fabric-cli-test/1.1.0
    method: GET
    uri: https://api.fabric.microsoft.com/v1/workspaces
  response:
    body:
      string: '{"value": [{"id": "3634a139-2c9e-4205-910b-3b089a31be47", "displayName":
        "My workspace", "description": "", "type": "Personal"}, {"id": "4eb63b65-4fbd-4008-8ded-e074c5c4230f",
        "displayName": "fabriccli_WorkspacePerTestclass_000001", "description": "Created
        by fab", "type": "Workspace", "capacityId": "00000000-0000-0000-0000-000000000004"},
        {"id": "c9897212-6982-4dd6-bdbb-9b29e2895b4c", "displayName": "fabcli000001",
        "description": "Created by fab", "type": "Workspace", "capacityId": "00000000-0000-0000-0000-000000000004"},
        {"id": "e3b7a648-e3ed-458f-bdc2-c9721d2d04f6", "displayName": "fabcli000002",
        "description": "Created by fab", "type": "Workspace", "capacityId": "00000000-0000-0000-0000-000000000004"}]}'
    headers:
      Access-Control-Expose-Headers:
      - RequestId
      Cache-Control:
      - no-store, must-revalidate, no-cache
      Content-Encoding:
      - gzip
      Content-Length:
      - '884'
      Content-Type:
      - application/json; charset=utf-8
      Date:
      - Mon, 29 Sep 2025 10:19:48 GMT
      Pragma:
      - no-cache
      RequestId:
      - 6011596a-7a16-4c09-a35c-93b75232d139
      Strict-Transport-Security:
      - max-age=31536000; includeSubDomains
      X-Content-Type-Options:
      - nosniff
      X-Frame-Options:
      - deny
      home-cluster-uri:
      - https://wabi-us-central-b-primary-redirect.analysis.windows.net/
      request-redirected:
      - 'true'
    status:
      code: 200
      message: OK
- request:
    body: null
    headers:
      Accept:
      - '*/*'
      Accept-Encoding:
      - gzip, deflate
      Connection:
      - keep-alive
      Content-Type:
      - application/json
      User-Agent:
      - ms-fabric-cli-test/1.1.0
    method: GET
    uri: https://api.fabric.microsoft.com/v1/workspaces/e3b7a648-e3ed-458f-bdc2-c9721d2d04f6/folders?recursive=True
  response:
    body:
      string: '{"value": [{"id": "35ed9a5a-ea6d-436a-b2c7-1883c9f85ff6", "displayName":
        "fabcli000004", "workspaceId": "e3b7a648-e3ed-458f-bdc2-c9721d2d04f6"}]}'
    headers:
      Access-Control-Expose-Headers:
      - RequestId
      Cache-Control:
      - no-store, must-revalidate, no-cache
      Content-Encoding:
      - gzip
      Content-Length:
      - '143'
      Content-Type:
      - application/json; charset=utf-8
      Date:
      - Mon, 29 Sep 2025 10:19:49 GMT
      Pragma:
      - no-cache
      RequestId:
      - f022322c-698a-425d-8fbf-80f80b8b3805
      Strict-Transport-Security:
      - max-age=31536000; includeSubDomains
      X-Content-Type-Options:
      - nosniff
      X-Frame-Options:
      - deny
      home-cluster-uri:
      - https://wabi-us-central-b-primary-redirect.analysis.windows.net/
      request-redirected:
      - 'true'
    status:
      code: 200
      message: OK
- request:
    body: null
    headers:
      Accept:
      - '*/*'
      Accept-Encoding:
      - gzip, deflate
      Connection:
      - keep-alive
      Content-Type:
      - application/json
      User-Agent:
      - ms-fabric-cli-test/1.1.0
    method: GET
    uri: https://api.fabric.microsoft.com/v1/workspaces/e3b7a648-e3ed-458f-bdc2-c9721d2d04f6/items
  response:
    body:
      string: '{"value": []}'
    headers:
      Access-Control-Expose-Headers:
      - RequestId
      Cache-Control:
      - no-store, must-revalidate, no-cache
      Content-Encoding:
      - gzip
      Content-Length:
      - '32'
      Content-Type:
      - application/json; charset=utf-8
      Date:
      - Mon, 29 Sep 2025 10:19:51 GMT
      Pragma:
      - no-cache
      RequestId:
      - 2f0e5898-36f9-4877-9102-5ff31e0d9c86
      Strict-Transport-Security:
      - max-age=31536000; includeSubDomains
      X-Content-Type-Options:
      - nosniff
      X-Frame-Options:
      - deny
      home-cluster-uri:
      - https://wabi-us-central-b-primary-redirect.analysis.windows.net/
      request-redirected:
      - 'true'
    status:
      code: 200
      message: OK
- request:
    body: null
    headers:
      Accept:
      - '*/*'
      Accept-Encoding:
      - gzip, deflate
      Connection:
      - keep-alive
      Content-Type:
      - application/json
      User-Agent:
      - ms-fabric-cli-test/1.1.0
    method: GET
    uri: https://api.fabric.microsoft.com/v1/workspaces/e3b7a648-e3ed-458f-bdc2-c9721d2d04f6/items
  response:
    body:
      string: '{"value": []}'
    headers:
      Access-Control-Expose-Headers:
      - RequestId
      Cache-Control:
      - no-store, must-revalidate, no-cache
      Content-Encoding:
      - gzip
      Content-Length:
      - '32'
      Content-Type:
      - application/json; charset=utf-8
      Date:
      - Mon, 29 Sep 2025 10:19:52 GMT
      Pragma:
      - no-cache
      RequestId:
      - 7e43b7ed-c76e-4b2e-8277-ce9165c99be3
      Strict-Transport-Security:
      - max-age=31536000; includeSubDomains
      X-Content-Type-Options:
      - nosniff
      X-Frame-Options:
      - deny
      home-cluster-uri:
      - https://wabi-us-central-b-primary-redirect.analysis.windows.net/
      request-redirected:
      - 'true'
    status:
      code: 200
      message: OK
- request:
    body: '{"description": "Created by fab", "displayName": "fabcli000005", "type":
      "Notebook", "folderId": "35ed9a5a-ea6d-436a-b2c7-1883c9f85ff6", "definition":
      {"parts": [{"path": "notebook-content.py", "payload": "IyBGYWJyaWMgbm90ZWJvb2sgc291cmNlCgojIE1FVEFEQVRBICoqKioqKioqKioqKioqKioqKioqCgojIE1FVEEgewojIE1FVEEgICAia2VybmVsX2luZm8iOiB7CiMgTUVUQSAgICAgIm5hbWUiOiAic3luYXBzZV9weXNwYXJrIgojIE1FVEEgICB9LAojIE1FVEEgICAiZGVwZW5kZW5jaWVzIjoge30KIyBNRVRBIH0KCiMgQ0VMTCAqKioqKioqKioqKioqKioqKioqKgoKIyBXZWxjb21lIHRvIHlvdXIgbmV3IG5vdGVib29rCiMgVHlwZSBoZXJlIGluIHRoZSBjZWxsIGVkaXRvciB0byBhZGQgY29kZSEKCgojIE1FVEFEQVRBICoqKioqKioqKioqKioqKioqKioqCgojIE1FVEEgewojIE1FVEEgICAibGFuZ3VhZ2UiOiAicHl0aG9uIiwKIyBNRVRBICAgImxhbmd1YWdlX2dyb3VwIjogInN5bmFwc2VfcHlzcGFyayIKIyBNRVRBIH0K",
      "payloadType": "InlineBase64"}]}}'
    headers:
      Accept:
      - '*/*'
      Accept-Encoding:
      - gzip, deflate
      Connection:
      - keep-alive
      Content-Length:
      - '798'
      Content-Type:
      - application/json
      User-Agent:
      - ms-fabric-cli-test/1.1.0
    method: POST
    uri: https://api.fabric.microsoft.com/v1/workspaces/e3b7a648-e3ed-458f-bdc2-c9721d2d04f6/notebooks
  response:
    body:
      string: 'null'
    headers:
      Access-Control-Expose-Headers:
      - RequestId,Location,Retry-After,ETag,x-ms-operation-id
      Cache-Control:
      - no-store, must-revalidate, no-cache
      Content-Encoding:
      - gzip
      Content-Length:
      - '24'
      Content-Type:
      - application/json; charset=utf-8
      Date:
      - Mon, 29 Sep 2025 10:19:54 GMT
      ETag:
      - '""'
      Location:
      - https://wabi-us-central-b-primary-redirect.analysis.windows.net/v1/operations/ed39052f-c855-4ccd-84b1-215685628485
      Pragma:
      - no-cache
      RequestId:
      - 4b465993-cc4f-4da7-a944-7abe796d37d9
      Retry-After:
      - '20'
      Strict-Transport-Security:
      - max-age=31536000; includeSubDomains
      X-Content-Type-Options:
      - nosniff
      X-Frame-Options:
      - deny
      home-cluster-uri:
      - https://wabi-us-central-b-primary-redirect.analysis.windows.net/
      request-redirected:
      - 'true'
      x-ms-operation-id:
      - ed39052f-c855-4ccd-84b1-215685628485
    status:
      code: 202
      message: Accepted
- request:
    body: null
    headers:
      Accept:
      - '*/*'
      Accept-Encoding:
      - gzip, deflate
      Connection:
      - keep-alive
      Content-Type:
      - application/json
      User-Agent:
      - ms-fabric-cli-test/1.1.0
    method: GET
    uri: https://wabi-us-central-b-primary-redirect.analysis.windows.net/v1/operations/ed39052f-c855-4ccd-84b1-215685628485
  response:
    body:
      string: '{"status": "Succeeded", "createdTimeUtc": "2025-09-29T10:19:53.8609864",
        "lastUpdatedTimeUtc": "2025-09-29T10:19:55.5642194", "percentComplete": 100,
        "error": null}'
    headers:
      Access-Control-Expose-Headers:
      - RequestId,Location,x-ms-operation-id
      Cache-Control:
      - no-store, must-revalidate, no-cache
      Content-Encoding:
      - gzip
      Content-Length:
      - '131'
      Content-Type:
      - application/json; charset=utf-8
      Date:
      - Mon, 29 Sep 2025 10:20:15 GMT
      Location:
      - https://wabi-us-central-b-primary-redirect.analysis.windows.net/v1/operations/ed39052f-c855-4ccd-84b1-215685628485/result
      Pragma:
      - no-cache
      RequestId:
      - cb544425-f74c-4ba2-97b7-a0c2e33f1262
      Strict-Transport-Security:
      - max-age=31536000; includeSubDomains
      X-Content-Type-Options:
      - nosniff
      X-Frame-Options:
      - deny
      x-ms-operation-id:
      - ed39052f-c855-4ccd-84b1-215685628485
    status:
      code: 200
      message: OK
- request:
    body: null
    headers:
      Accept:
      - '*/*'
      Accept-Encoding:
      - gzip, deflate
      Connection:
      - keep-alive
      Content-Type:
      - application/json
      User-Agent:
      - ms-fabric-cli-test/1.1.0
    method: GET
    uri: https://wabi-us-central-b-primary-redirect.analysis.windows.net/v1/operations/ed39052f-c855-4ccd-84b1-215685628485/result
  response:
    body:
      string: '{"id": "352dd40e-d665-47cc-8faa-ec901bc2a4ea", "type": "Notebook",
        "displayName": "fabcli000005", "description": "Created by fab", "workspaceId":
        "e3b7a648-e3ed-458f-bdc2-c9721d2d04f6", "folderId": "35ed9a5a-ea6d-436a-b2c7-1883c9f85ff6"}'
    headers:
      Access-Control-Expose-Headers:
      - RequestId
      Cache-Control:
      - no-store, must-revalidate, no-cache
      Content-Encoding:
      - gzip
      Content-Type:
      - application/json
      Date:
      - Mon, 29 Sep 2025 10:20:16 GMT
      Pragma:
      - no-cache
      RequestId:
      - e4c4bc39-42a5-48f6-aac9-d1f34fc56c6f
      Strict-Transport-Security:
      - max-age=31536000; includeSubDomains
      Transfer-Encoding:
      - chunked
      X-Content-Type-Options:
      - nosniff
      X-Frame-Options:
      - deny
    status:
      code: 200
      message: OK
- request:
    body: null
    headers:
      Accept:
      - '*/*'
      Accept-Encoding:
      - gzip, deflate
      Connection:
      - keep-alive
      Content-Type:
      - application/json
      User-Agent:
      - ms-fabric-cli-test/1.1.0
    method: GET
    uri: https://api.fabric.microsoft.com/v1/workspaces
  response:
    body:
      string: '{"value": [{"id": "3634a139-2c9e-4205-910b-3b089a31be47", "displayName":
        "My workspace", "description": "", "type": "Personal"}, {"id": "4eb63b65-4fbd-4008-8ded-e074c5c4230f",
        "displayName": "fabriccli_WorkspacePerTestclass_000001", "description": "Created
        by fab", "type": "Workspace", "capacityId": "00000000-0000-0000-0000-000000000004"},
        {"id": "c9897212-6982-4dd6-bdbb-9b29e2895b4c", "displayName": "fabcli000001",
        "description": "Created by fab", "type": "Workspace", "capacityId": "00000000-0000-0000-0000-000000000004"},
        {"id": "e3b7a648-e3ed-458f-bdc2-c9721d2d04f6", "displayName": "fabcli000002",
        "description": "Created by fab", "type": "Workspace", "capacityId": "00000000-0000-0000-0000-000000000004"}]}'
    headers:
      Access-Control-Expose-Headers:
      - RequestId
      Cache-Control:
      - no-store, must-revalidate, no-cache
      Content-Encoding:
      - gzip
      Content-Length:
      - '884'
      Content-Type:
      - application/json; charset=utf-8
      Date:
      - Mon, 29 Sep 2025 10:20:17 GMT
      Pragma:
      - no-cache
      RequestId:
      - 433e1d72-b85d-46c2-a5e4-1e2d74342deb
      Strict-Transport-Security:
      - max-age=31536000; includeSubDomains
      X-Content-Type-Options:
      - nosniff
      X-Frame-Options:
      - deny
      home-cluster-uri:
      - https://wabi-us-central-b-primary-redirect.analysis.windows.net/
      request-redirected:
      - 'true'
    status:
      code: 200
      message: OK
- request:
    body: null
    headers:
      Accept:
      - '*/*'
      Accept-Encoding:
      - gzip, deflate
      Connection:
      - keep-alive
      Content-Type:
      - application/json
      User-Agent:
      - ms-fabric-cli-test/1.1.0
    method: GET
    uri: https://api.fabric.microsoft.com/v1/workspaces/c9897212-6982-4dd6-bdbb-9b29e2895b4c/items
  response:
    body:
      string: '{"value": [{"id": "cbc7fb12-bac2-4b06-832c-090df983260d", "type": "Notebook",
        "displayName": "fabcli000005", "description": "Created by fab", "workspaceId":
        "c9897212-6982-4dd6-bdbb-9b29e2895b4c"}]}'
    headers:
      Access-Control-Expose-Headers:
      - RequestId
      Cache-Control:
      - no-store, must-revalidate, no-cache
      Content-Encoding:
      - gzip
      Content-Length:
      - '177'
      Content-Type:
      - application/json; charset=utf-8
      Date:
      - Mon, 29 Sep 2025 10:20:18 GMT
      Pragma:
      - no-cache
      RequestId:
      - 02d1b28b-d227-4470-a881-60d51667851b
      Strict-Transport-Security:
      - max-age=31536000; includeSubDomains
      X-Content-Type-Options:
      - nosniff
      X-Frame-Options:
      - deny
      home-cluster-uri:
      - https://wabi-us-central-b-primary-redirect.analysis.windows.net/
      request-redirected:
      - 'true'
    status:
      code: 200
      message: OK
- request:
    body: null
    headers:
      Accept:
      - '*/*'
      Accept-Encoding:
      - gzip, deflate
      Connection:
      - keep-alive
      Content-Type:
      - application/json
      User-Agent:
      - ms-fabric-cli-test/1.1.0
    method: GET
    uri: https://api.fabric.microsoft.com/v1/workspaces
  response:
    body:
      string: '{"value": [{"id": "3634a139-2c9e-4205-910b-3b089a31be47", "displayName":
        "My workspace", "description": "", "type": "Personal"}, {"id": "4eb63b65-4fbd-4008-8ded-e074c5c4230f",
        "displayName": "fabriccli_WorkspacePerTestclass_000001", "description": "Created
        by fab", "type": "Workspace", "capacityId": "00000000-0000-0000-0000-000000000004"},
        {"id": "c9897212-6982-4dd6-bdbb-9b29e2895b4c", "displayName": "fabcli000001",
        "description": "Created by fab", "type": "Workspace", "capacityId": "00000000-0000-0000-0000-000000000004"},
        {"id": "e3b7a648-e3ed-458f-bdc2-c9721d2d04f6", "displayName": "fabcli000002",
        "description": "Created by fab", "type": "Workspace", "capacityId": "00000000-0000-0000-0000-000000000004"}]}'
    headers:
      Access-Control-Expose-Headers:
      - RequestId
      Cache-Control:
      - no-store, must-revalidate, no-cache
      Content-Encoding:
      - gzip
      Content-Length:
      - '884'
      Content-Type:
      - application/json; charset=utf-8
      Date:
      - Mon, 29 Sep 2025 10:20:19 GMT
      Pragma:
      - no-cache
      RequestId:
      - 780ddb6b-c039-4736-98f5-2b740f2646c5
      Strict-Transport-Security:
      - max-age=31536000; includeSubDomains
      X-Content-Type-Options:
      - nosniff
      X-Frame-Options:
      - deny
      home-cluster-uri:
      - https://wabi-us-central-b-primary-redirect.analysis.windows.net/
      request-redirected:
      - 'true'
    status:
      code: 200
      message: OK
- request:
    body: null
    headers:
      Accept:
      - '*/*'
      Accept-Encoding:
      - gzip, deflate
      Connection:
      - keep-alive
      Content-Type:
      - application/json
      User-Agent:
      - ms-fabric-cli-test/1.1.0
    method: GET
    uri: https://api.fabric.microsoft.com/v1/workspaces/e3b7a648-e3ed-458f-bdc2-c9721d2d04f6/items
  response:
    body:
      string: '{"value": [{"id": "352dd40e-d665-47cc-8faa-ec901bc2a4ea", "type": "Notebook",
        "displayName": "fabcli000005", "description": "Created by fab", "workspaceId":
        "e3b7a648-e3ed-458f-bdc2-c9721d2d04f6", "folderId": "35ed9a5a-ea6d-436a-b2c7-1883c9f85ff6"}]}'
    headers:
      Access-Control-Expose-Headers:
      - RequestId
      Cache-Control:
      - no-store, must-revalidate, no-cache
      Content-Encoding:
      - gzip
      Content-Length:
      - '206'
      Content-Type:
      - application/json; charset=utf-8
      Date:
      - Mon, 29 Sep 2025 10:20:21 GMT
      Pragma:
      - no-cache
      RequestId:
      - 611c34c7-85ab-4fae-8148-be3a42d0872e
      Strict-Transport-Security:
      - max-age=31536000; includeSubDomains
      X-Content-Type-Options:
      - nosniff
      X-Frame-Options:
      - deny
      home-cluster-uri:
      - https://wabi-us-central-b-primary-redirect.analysis.windows.net/
      request-redirected:
      - 'true'
    status:
      code: 200
      message: OK
- request:
    body: null
    headers:
      Accept:
      - '*/*'
      Accept-Encoding:
      - gzip, deflate
      Connection:
      - keep-alive
      Content-Type:
      - application/json
      User-Agent:
      - ms-fabric-cli-test/1.1.0
    method: GET
    uri: https://api.fabric.microsoft.com/v1/workspaces/e3b7a648-e3ed-458f-bdc2-c9721d2d04f6/folders?recursive=True
  response:
    body:
      string: '{"value": [{"id": "35ed9a5a-ea6d-436a-b2c7-1883c9f85ff6", "displayName":
        "fabcli000004", "workspaceId": "e3b7a648-e3ed-458f-bdc2-c9721d2d04f6"}]}'
    headers:
      Access-Control-Expose-Headers:
      - RequestId
      Cache-Control:
      - no-store, must-revalidate, no-cache
      Content-Encoding:
      - gzip
      Content-Length:
      - '143'
      Content-Type:
      - application/json; charset=utf-8
      Date:
      - Mon, 29 Sep 2025 10:20:23 GMT
      Pragma:
      - no-cache
      RequestId:
      - 3240951e-3078-4d85-bdfd-8d2e717948ef
      Strict-Transport-Security:
      - max-age=31536000; includeSubDomains
      X-Content-Type-Options:
      - nosniff
      X-Frame-Options:
      - deny
      home-cluster-uri:
      - https://wabi-us-central-b-primary-redirect.analysis.windows.net/
      request-redirected:
      - 'true'
    status:
      code: 200
      message: OK
- request:
    body: null
    headers:
      Accept:
      - '*/*'
      Accept-Encoding:
      - gzip, deflate
      Connection:
      - keep-alive
      Content-Type:
      - application/json
      User-Agent:
      - ms-fabric-cli-test/1.1.0
    method: GET
    uri: https://api.fabric.microsoft.com/v1/workspaces/e3b7a648-e3ed-458f-bdc2-c9721d2d04f6/items
  response:
    body:
      string: '{"value": [{"id": "352dd40e-d665-47cc-8faa-ec901bc2a4ea", "type": "Notebook",
        "displayName": "fabcli000005", "description": "Created by fab", "workspaceId":
        "e3b7a648-e3ed-458f-bdc2-c9721d2d04f6", "folderId": "35ed9a5a-ea6d-436a-b2c7-1883c9f85ff6"}]}'
    headers:
      Access-Control-Expose-Headers:
      - RequestId
      Cache-Control:
      - no-store, must-revalidate, no-cache
      Content-Encoding:
      - gzip
      Content-Length:
      - '206'
      Content-Type:
      - application/json; charset=utf-8
      Date:
      - Mon, 29 Sep 2025 10:20:24 GMT
      Pragma:
      - no-cache
      RequestId:
      - 9c5e64a8-916e-4a17-8f63-060d0414ae67
      Strict-Transport-Security:
      - max-age=31536000; includeSubDomains
      X-Content-Type-Options:
      - nosniff
      X-Frame-Options:
      - deny
      home-cluster-uri:
      - https://wabi-us-central-b-primary-redirect.analysis.windows.net/
      request-redirected:
      - 'true'
    status:
      code: 200
      message: OK
- request:
    body: null
    headers:
      Accept:
      - '*/*'
      Accept-Encoding:
      - gzip, deflate
      Connection:
      - keep-alive
      Content-Type:
      - application/json
      User-Agent:
      - ms-fabric-cli-test/1.1.0
    method: GET
    uri: https://api.fabric.microsoft.com/v1/workspaces/e3b7a648-e3ed-458f-bdc2-c9721d2d04f6/folders?recursive=True
  response:
    body:
      string: '{"value": [{"id": "35ed9a5a-ea6d-436a-b2c7-1883c9f85ff6", "displayName":
        "fabcli000004", "workspaceId": "e3b7a648-e3ed-458f-bdc2-c9721d2d04f6"}]}'
    headers:
      Access-Control-Expose-Headers:
      - RequestId
      Cache-Control:
      - no-store, must-revalidate, no-cache
      Content-Encoding:
      - gzip
      Content-Length:
      - '143'
      Content-Type:
      - application/json; charset=utf-8
      Date:
      - Mon, 29 Sep 2025 10:20:25 GMT
      Pragma:
      - no-cache
      RequestId:
      - 0c3b1773-b31a-43d4-b07b-6adde0754b62
      Strict-Transport-Security:
      - max-age=31536000; includeSubDomains
      X-Content-Type-Options:
      - nosniff
      X-Frame-Options:
      - deny
      home-cluster-uri:
      - https://wabi-us-central-b-primary-redirect.analysis.windows.net/
      request-redirected:
      - 'true'
    status:
      code: 200
      message: OK
- request:
    body: null
    headers:
      Accept:
      - '*/*'
      Accept-Encoding:
      - gzip, deflate
      Connection:
      - keep-alive
      Content-Type:
      - application/json
      User-Agent:
      - ms-fabric-cli-test/1.1.0
    method: GET
    uri: https://api.fabric.microsoft.com/v1/workspaces
  response:
    body:
      string: '{"value": [{"id": "3634a139-2c9e-4205-910b-3b089a31be47", "displayName":
        "My workspace", "description": "", "type": "Personal"}, {"id": "4eb63b65-4fbd-4008-8ded-e074c5c4230f",
        "displayName": "fabriccli_WorkspacePerTestclass_000001", "description": "Created
        by fab", "type": "Workspace", "capacityId": "00000000-0000-0000-0000-000000000004"},
        {"id": "c9897212-6982-4dd6-bdbb-9b29e2895b4c", "displayName": "fabcli000001",
        "description": "Created by fab", "type": "Workspace", "capacityId": "00000000-0000-0000-0000-000000000004"},
        {"id": "e3b7a648-e3ed-458f-bdc2-c9721d2d04f6", "displayName": "fabcli000002",
        "description": "Created by fab", "type": "Workspace", "capacityId": "00000000-0000-0000-0000-000000000004"}]}'
    headers:
      Access-Control-Expose-Headers:
      - RequestId
      Cache-Control:
      - no-store, must-revalidate, no-cache
      Content-Encoding:
      - gzip
      Content-Length:
      - '884'
      Content-Type:
      - application/json; charset=utf-8
      Date:
      - Mon, 29 Sep 2025 10:20:26 GMT
      Pragma:
      - no-cache
      RequestId:
      - f9c9d2ca-1daf-4fc1-830f-d51676bfd555
      Strict-Transport-Security:
      - max-age=31536000; includeSubDomains
      X-Content-Type-Options:
      - nosniff
      X-Frame-Options:
      - deny
      home-cluster-uri:
      - https://wabi-us-central-b-primary-redirect.analysis.windows.net/
      request-redirected:
      - 'true'
    status:
      code: 200
      message: OK
- request:
    body: null
    headers:
      Accept:
      - '*/*'
      Accept-Encoding:
      - gzip, deflate
      Connection:
      - keep-alive
      Content-Type:
      - application/json
      User-Agent:
      - ms-fabric-cli-test/1.1.0
    method: GET
    uri: https://api.fabric.microsoft.com/v1/workspaces/e3b7a648-e3ed-458f-bdc2-c9721d2d04f6/folders?recursive=True
  response:
    body:
      string: '{"value": [{"id": "35ed9a5a-ea6d-436a-b2c7-1883c9f85ff6", "displayName":
        "fabcli000004", "workspaceId": "e3b7a648-e3ed-458f-bdc2-c9721d2d04f6"}]}'
    headers:
      Access-Control-Expose-Headers:
      - RequestId
      Cache-Control:
      - no-store, must-revalidate, no-cache
      Content-Encoding:
      - gzip
      Content-Length:
      - '143'
      Content-Type:
      - application/json; charset=utf-8
      Date:
      - Mon, 29 Sep 2025 10:20:27 GMT
      Pragma:
      - no-cache
      RequestId:
      - c4ef7c2e-5ce4-4788-89ef-7e37c49b4fd4
      Strict-Transport-Security:
      - max-age=31536000; includeSubDomains
      X-Content-Type-Options:
      - nosniff
      X-Frame-Options:
      - deny
      home-cluster-uri:
      - https://wabi-us-central-b-primary-redirect.analysis.windows.net/
      request-redirected:
      - 'true'
    status:
      code: 200
      message: OK
- request:
    body: null
    headers:
      Accept:
      - '*/*'
      Accept-Encoding:
      - gzip, deflate
      Connection:
      - keep-alive
      Content-Type:
      - application/json
      User-Agent:
      - ms-fabric-cli-test/1.1.0
    method: GET
    uri: https://api.fabric.microsoft.com/v1/workspaces/e3b7a648-e3ed-458f-bdc2-c9721d2d04f6/items
  response:
    body:
      string: '{"value": [{"id": "352dd40e-d665-47cc-8faa-ec901bc2a4ea", "type": "Notebook",
        "displayName": "fabcli000005", "description": "Created by fab", "workspaceId":
        "e3b7a648-e3ed-458f-bdc2-c9721d2d04f6", "folderId": "35ed9a5a-ea6d-436a-b2c7-1883c9f85ff6"}]}'
    headers:
      Access-Control-Expose-Headers:
      - RequestId
      Cache-Control:
      - no-store, must-revalidate, no-cache
      Content-Encoding:
      - gzip
      Content-Length:
      - '206'
      Content-Type:
      - application/json; charset=utf-8
      Date:
      - Mon, 29 Sep 2025 10:20:29 GMT
      Pragma:
      - no-cache
      RequestId:
      - 9e1f6ee7-606f-430f-9a86-ece2c636e29b
      Strict-Transport-Security:
      - max-age=31536000; includeSubDomains
      X-Content-Type-Options:
      - nosniff
      X-Frame-Options:
      - deny
      home-cluster-uri:
      - https://wabi-us-central-b-primary-redirect.analysis.windows.net/
      request-redirected:
      - 'true'
    status:
      code: 200
      message: OK
- request:
    body: null
    headers:
      Accept:
      - '*/*'
      Accept-Encoding:
      - gzip, deflate
      Connection:
      - keep-alive
      Content-Type:
      - application/json
      User-Agent:
      - ms-fabric-cli-test/1.1.0
    method: GET
    uri: https://api.fabric.microsoft.com/v1/workspaces/e3b7a648-e3ed-458f-bdc2-c9721d2d04f6/folders?recursive=True
  response:
    body:
      string: '{"value": [{"id": "35ed9a5a-ea6d-436a-b2c7-1883c9f85ff6", "displayName":
        "fabcli000004", "workspaceId": "e3b7a648-e3ed-458f-bdc2-c9721d2d04f6"}]}'
    headers:
      Access-Control-Expose-Headers:
      - RequestId
      Cache-Control:
      - no-store, must-revalidate, no-cache
      Content-Encoding:
      - gzip
      Content-Length:
      - '143'
      Content-Type:
      - application/json; charset=utf-8
      Date:
      - Mon, 29 Sep 2025 10:20:30 GMT
      Pragma:
      - no-cache
      RequestId:
      - 6d16ad33-1aaa-4034-b49a-f2972f60f8c4
      Strict-Transport-Security:
      - max-age=31536000; includeSubDomains
      X-Content-Type-Options:
      - nosniff
      X-Frame-Options:
      - deny
      home-cluster-uri:
      - https://wabi-us-central-b-primary-redirect.analysis.windows.net/
      request-redirected:
      - 'true'
    status:
      code: 200
      message: OK
- request:
    body: null
    headers:
      Accept:
      - '*/*'
      Accept-Encoding:
      - gzip, deflate
      Connection:
      - keep-alive
      Content-Length:
      - '0'
      Content-Type:
      - application/json
      User-Agent:
      - ms-fabric-cli-test/1.1.0
    method: DELETE
    uri: https://api.fabric.microsoft.com/v1/workspaces/e3b7a648-e3ed-458f-bdc2-c9721d2d04f6/items/352dd40e-d665-47cc-8faa-ec901bc2a4ea
  response:
    body:
      string: ''
    headers:
      Access-Control-Expose-Headers:
      - RequestId
      Cache-Control:
      - no-store, must-revalidate, no-cache
      Content-Encoding:
      - gzip
      Content-Length:
      - '0'
      Content-Type:
      - application/octet-stream
      Date:
      - Mon, 29 Sep 2025 10:20:32 GMT
      Pragma:
      - no-cache
      RequestId:
      - f8d402a1-81ab-4223-bff1-08d7e09da31c
      Strict-Transport-Security:
      - max-age=31536000; includeSubDomains
      X-Content-Type-Options:
      - nosniff
      X-Frame-Options:
      - deny
      home-cluster-uri:
      - https://wabi-us-central-b-primary-redirect.analysis.windows.net/
      request-redirected:
      - 'true'
    status:
      code: 200
      message: OK
- request:
    body: null
    headers:
      Accept:
      - '*/*'
      Accept-Encoding:
      - gzip, deflate
      Connection:
      - keep-alive
      Content-Type:
      - application/json
      User-Agent:
      - ms-fabric-cli-test/1.1.0
    method: GET
    uri: https://api.fabric.microsoft.com/v1/workspaces
  response:
    body:
      string: '{"value": [{"id": "3634a139-2c9e-4205-910b-3b089a31be47", "displayName":
        "My workspace", "description": "", "type": "Personal"}, {"id": "4eb63b65-4fbd-4008-8ded-e074c5c4230f",
        "displayName": "fabriccli_WorkspacePerTestclass_000001", "description": "Created
        by fab", "type": "Workspace", "capacityId": "00000000-0000-0000-0000-000000000004"},
        {"id": "c9897212-6982-4dd6-bdbb-9b29e2895b4c", "displayName": "fabcli000001",
        "description": "Created by fab", "type": "Workspace", "capacityId": "00000000-0000-0000-0000-000000000004"},
        {"id": "e3b7a648-e3ed-458f-bdc2-c9721d2d04f6", "displayName": "fabcli000002",
        "description": "Created by fab", "type": "Workspace", "capacityId": "00000000-0000-0000-0000-000000000004"}]}'
    headers:
      Access-Control-Expose-Headers:
      - RequestId
      Cache-Control:
      - no-store, must-revalidate, no-cache
      Content-Encoding:
      - gzip
      Content-Length:
      - '884'
      Content-Type:
      - application/json; charset=utf-8
      Date:
      - Mon, 29 Sep 2025 10:20:34 GMT
      Pragma:
      - no-cache
      RequestId:
      - a0042cce-67f1-4b16-b5a7-5e931af1cc98
      Strict-Transport-Security:
      - max-age=31536000; includeSubDomains
      X-Content-Type-Options:
      - nosniff
      X-Frame-Options:
      - deny
      home-cluster-uri:
      - https://wabi-us-central-b-primary-redirect.analysis.windows.net/
      request-redirected:
      - 'true'
    status:
      code: 200
      message: OK
- request:
    body: null
    headers:
      Accept:
      - '*/*'
      Accept-Encoding:
      - gzip, deflate
      Connection:
      - keep-alive
      Content-Type:
      - application/json
      User-Agent:
      - ms-fabric-cli-test/1.1.0
    method: GET
    uri: https://api.fabric.microsoft.com/v1/workspaces/c9897212-6982-4dd6-bdbb-9b29e2895b4c/items
  response:
    body:
      string: '{"value": [{"id": "cbc7fb12-bac2-4b06-832c-090df983260d", "type": "Notebook",
        "displayName": "fabcli000005", "description": "Created by fab", "workspaceId":
        "c9897212-6982-4dd6-bdbb-9b29e2895b4c"}]}'
    headers:
      Access-Control-Expose-Headers:
      - RequestId
      Cache-Control:
      - no-store, must-revalidate, no-cache
      Content-Encoding:
      - gzip
      Content-Length:
      - '177'
      Content-Type:
      - application/json; charset=utf-8
      Date:
      - Mon, 29 Sep 2025 10:20:35 GMT
      Pragma:
      - no-cache
      RequestId:
      - a4045a2b-0091-4e56-a7c4-60db5f9809ed
      Strict-Transport-Security:
      - max-age=31536000; includeSubDomains
      X-Content-Type-Options:
      - nosniff
      X-Frame-Options:
      - deny
      home-cluster-uri:
      - https://wabi-us-central-b-primary-redirect.analysis.windows.net/
      request-redirected:
      - 'true'
    status:
      code: 200
      message: OK
- request:
    body: null
    headers:
      Accept:
      - '*/*'
      Accept-Encoding:
      - gzip, deflate
      Connection:
      - keep-alive
      Content-Length:
      - '0'
      Content-Type:
      - application/json
      User-Agent:
      - ms-fabric-cli-test/1.1.0
    method: DELETE
    uri: https://api.fabric.microsoft.com/v1/workspaces/c9897212-6982-4dd6-bdbb-9b29e2895b4c/items/cbc7fb12-bac2-4b06-832c-090df983260d
  response:
    body:
      string: ''
    headers:
      Access-Control-Expose-Headers:
      - RequestId
      Cache-Control:
      - no-store, must-revalidate, no-cache
      Content-Encoding:
      - gzip
      Content-Length:
      - '0'
      Content-Type:
      - application/octet-stream
      Date:
      - Mon, 29 Sep 2025 10:20:37 GMT
      Pragma:
      - no-cache
      RequestId:
      - e4a3ca01-abe5-4bc9-b749-dd9b7c8c0226
      Strict-Transport-Security:
      - max-age=31536000; includeSubDomains
      X-Content-Type-Options:
      - nosniff
      X-Frame-Options:
      - deny
      home-cluster-uri:
      - https://wabi-us-central-b-primary-redirect.analysis.windows.net/
      request-redirected:
      - 'true'
    status:
      code: 200
      message: OK
- request:
    body: null
    headers:
      Accept:
      - '*/*'
      Accept-Encoding:
      - gzip, deflate
      Connection:
      - keep-alive
      Content-Type:
      - application/json
      User-Agent:
      - ms-fabric-cli-test/1.1.0
    method: GET
    uri: https://api.fabric.microsoft.com/v1/workspaces
  response:
    body:
      string: '{"value": [{"id": "3634a139-2c9e-4205-910b-3b089a31be47", "displayName":
        "My workspace", "description": "", "type": "Personal"}, {"id": "4eb63b65-4fbd-4008-8ded-e074c5c4230f",
        "displayName": "fabriccli_WorkspacePerTestclass_000001", "description": "Created
        by fab", "type": "Workspace", "capacityId": "00000000-0000-0000-0000-000000000004"},
        {"id": "c9897212-6982-4dd6-bdbb-9b29e2895b4c", "displayName": "fabcli000001",
        "description": "Created by fab", "type": "Workspace", "capacityId": "00000000-0000-0000-0000-000000000004"},
        {"id": "e3b7a648-e3ed-458f-bdc2-c9721d2d04f6", "displayName": "fabcli000002",
        "description": "Created by fab", "type": "Workspace", "capacityId": "00000000-0000-0000-0000-000000000004"}]}'
    headers:
      Access-Control-Expose-Headers:
      - RequestId
      Cache-Control:
      - no-store, must-revalidate, no-cache
      Content-Encoding:
      - gzip
      Content-Length:
      - '884'
      Content-Type:
      - application/json; charset=utf-8
      Date:
      - Mon, 29 Sep 2025 10:20:38 GMT
      Pragma:
      - no-cache
      RequestId:
      - 26cdb0c1-cfea-4489-80da-df46fddaf48c
      Strict-Transport-Security:
      - max-age=31536000; includeSubDomains
      X-Content-Type-Options:
      - nosniff
      X-Frame-Options:
      - deny
      home-cluster-uri:
      - https://wabi-us-central-b-primary-redirect.analysis.windows.net/
      request-redirected:
      - 'true'
    status:
      code: 200
      message: OK
- request:
    body: null
    headers:
      Accept:
      - '*/*'
      Accept-Encoding:
      - gzip, deflate
      Connection:
      - keep-alive
      Content-Type:
      - application/json
      User-Agent:
      - ms-fabric-cli-test/1.1.0
    method: GET
    uri: https://api.fabric.microsoft.com/v1/workspaces/e3b7a648-e3ed-458f-bdc2-c9721d2d04f6/folders?recursive=True
  response:
    body:
      string: '{"value": [{"id": "35ed9a5a-ea6d-436a-b2c7-1883c9f85ff6", "displayName":
        "fabcli000004", "workspaceId": "e3b7a648-e3ed-458f-bdc2-c9721d2d04f6"}]}'
    headers:
      Access-Control-Expose-Headers:
      - RequestId
      Cache-Control:
      - no-store, must-revalidate, no-cache
      Content-Encoding:
      - gzip
      Content-Length:
      - '143'
      Content-Type:
      - application/json; charset=utf-8
      Date:
      - Mon, 29 Sep 2025 10:20:39 GMT
      Pragma:
      - no-cache
      RequestId:
      - f166307e-4cb7-4128-9e7f-a1706dbe630c
      Strict-Transport-Security:
      - max-age=31536000; includeSubDomains
      X-Content-Type-Options:
      - nosniff
      X-Frame-Options:
      - deny
      home-cluster-uri:
      - https://wabi-us-central-b-primary-redirect.analysis.windows.net/
      request-redirected:
      - 'true'
    status:
      code: 200
      message: OK
- request:
    body: null
    headers:
      Accept:
      - '*/*'
      Accept-Encoding:
      - gzip, deflate
      Connection:
      - keep-alive
      Content-Length:
      - '0'
      Content-Type:
      - application/json
      User-Agent:
      - ms-fabric-cli-test/1.1.0
    method: DELETE
    uri: https://api.fabric.microsoft.com/v1/workspaces/e3b7a648-e3ed-458f-bdc2-c9721d2d04f6/folders/35ed9a5a-ea6d-436a-b2c7-1883c9f85ff6
  response:
    body:
      string: ''
    headers:
      Access-Control-Expose-Headers:
      - RequestId
      Cache-Control:
      - no-store, must-revalidate, no-cache
      Content-Encoding:
      - gzip
      Content-Length:
      - '0'
      Content-Type:
      - application/octet-stream
      Date:
      - Mon, 29 Sep 2025 10:20:41 GMT
      Pragma:
      - no-cache
      RequestId:
      - 919da457-7142-4352-816d-9d95fc4625d7
      Strict-Transport-Security:
      - max-age=31536000; includeSubDomains
      X-Content-Type-Options:
      - nosniff
      X-Frame-Options:
      - deny
      home-cluster-uri:
      - https://wabi-us-central-b-primary-redirect.analysis.windows.net/
      request-redirected:
      - 'true'
    status:
      code: 200
      message: OK
- request:
    body: null
    headers:
      Accept:
      - '*/*'
      Accept-Encoding:
      - gzip, deflate
      Connection:
      - keep-alive
      Content-Type:
      - application/json
      User-Agent:
      - ms-fabric-cli-test/1.1.0
    method: GET
    uri: https://api.fabric.microsoft.com/v1/workspaces
  response:
    body:
      string: '{"value": [{"id": "3634a139-2c9e-4205-910b-3b089a31be47", "displayName":
        "My workspace", "description": "", "type": "Personal"}, {"id": "4eb63b65-4fbd-4008-8ded-e074c5c4230f",
        "displayName": "fabriccli_WorkspacePerTestclass_000001", "description": "Created
        by fab", "type": "Workspace", "capacityId": "00000000-0000-0000-0000-000000000004"},
        {"id": "c9897212-6982-4dd6-bdbb-9b29e2895b4c", "displayName": "fabcli000001",
        "description": "Created by fab", "type": "Workspace", "capacityId": "00000000-0000-0000-0000-000000000004"},
        {"id": "e3b7a648-e3ed-458f-bdc2-c9721d2d04f6", "displayName": "fabcli000002",
        "description": "Created by fab", "type": "Workspace", "capacityId": "00000000-0000-0000-0000-000000000004"}]}'
    headers:
      Access-Control-Expose-Headers:
      - RequestId
      Cache-Control:
      - no-store, must-revalidate, no-cache
      Content-Encoding:
      - gzip
      Content-Length:
      - '884'
      Content-Type:
      - application/json; charset=utf-8
      Date:
      - Mon, 29 Sep 2025 10:20:42 GMT
      Pragma:
      - no-cache
      RequestId:
      - 2ecb371d-7141-4bcb-8f9e-1b6337c36e66
      Strict-Transport-Security:
      - max-age=31536000; includeSubDomains
      X-Content-Type-Options:
      - nosniff
      X-Frame-Options:
      - deny
      home-cluster-uri:
      - https://wabi-us-central-b-primary-redirect.analysis.windows.net/
      request-redirected:
      - 'true'
    status:
      code: 200
      message: OK
- request:
    body: null
    headers:
      Accept:
      - '*/*'
      Accept-Encoding:
      - gzip, deflate
      Connection:
      - keep-alive
      Content-Type:
      - application/json
      User-Agent:
      - ms-fabric-cli-test/1.1.0
    method: GET
    uri: https://api.fabric.microsoft.com/v1/workspaces/c9897212-6982-4dd6-bdbb-9b29e2895b4c/folders?recursive=True
  response:
    body:
      string: '{"value": [{"id": "853e8442-3359-4269-8016-b56d0ae9dd5d", "displayName":
        "fabcli000003", "workspaceId": "c9897212-6982-4dd6-bdbb-9b29e2895b4c"}]}'
    headers:
      Access-Control-Expose-Headers:
      - RequestId
      Cache-Control:
      - no-store, must-revalidate, no-cache
      Content-Encoding:
      - gzip
      Content-Length:
      - '143'
      Content-Type:
      - application/json; charset=utf-8
      Date:
      - Mon, 29 Sep 2025 10:20:43 GMT
      Pragma:
      - no-cache
      RequestId:
      - db01f767-e6b0-4ace-a10a-fbb56cdcc792
      Strict-Transport-Security:
      - max-age=31536000; includeSubDomains
      X-Content-Type-Options:
      - nosniff
      X-Frame-Options:
      - deny
      home-cluster-uri:
      - https://wabi-us-central-b-primary-redirect.analysis.windows.net/
      request-redirected:
      - 'true'
    status:
      code: 200
      message: OK
- request:
    body: null
    headers:
      Accept:
      - '*/*'
      Accept-Encoding:
      - gzip, deflate
      Connection:
      - keep-alive
      Content-Length:
      - '0'
      Content-Type:
      - application/json
      User-Agent:
      - ms-fabric-cli-test/1.1.0
    method: DELETE
    uri: https://api.fabric.microsoft.com/v1/workspaces/c9897212-6982-4dd6-bdbb-9b29e2895b4c/folders/853e8442-3359-4269-8016-b56d0ae9dd5d
  response:
    body:
      string: ''
    headers:
      Access-Control-Expose-Headers:
      - RequestId
      Cache-Control:
      - no-store, must-revalidate, no-cache
      Content-Encoding:
      - gzip
      Content-Length:
      - '0'
      Content-Type:
      - application/octet-stream
      Date:
      - Mon, 29 Sep 2025 10:20:44 GMT
      Pragma:
      - no-cache
      RequestId:
      - f6a99ca0-575b-4415-b86c-ef683ed53f71
      Strict-Transport-Security:
      - max-age=31536000; includeSubDomains
      X-Content-Type-Options:
      - nosniff
      X-Frame-Options:
      - deny
      home-cluster-uri:
      - https://wabi-us-central-b-primary-redirect.analysis.windows.net/
      request-redirected:
      - 'true'
    status:
      code: 200
      message: OK
- request:
    body: null
    headers:
      Accept:
      - '*/*'
      Accept-Encoding:
      - gzip, deflate
      Connection:
      - keep-alive
      Content-Type:
      - application/json
      User-Agent:
      - ms-fabric-cli-test/1.1.0
    method: GET
    uri: https://api.fabric.microsoft.com/v1/workspaces
  response:
    body:
      string: '{"value": [{"id": "3634a139-2c9e-4205-910b-3b089a31be47", "displayName":
        "My workspace", "description": "", "type": "Personal"}, {"id": "4eb63b65-4fbd-4008-8ded-e074c5c4230f",
        "displayName": "fabriccli_WorkspacePerTestclass_000001", "description": "Created
        by fab", "type": "Workspace", "capacityId": "00000000-0000-0000-0000-000000000004"},
        {"id": "c9897212-6982-4dd6-bdbb-9b29e2895b4c", "displayName": "fabcli000001",
        "description": "Created by fab", "type": "Workspace", "capacityId": "00000000-0000-0000-0000-000000000004"},
        {"id": "e3b7a648-e3ed-458f-bdc2-c9721d2d04f6", "displayName": "fabcli000002",
        "description": "Created by fab", "type": "Workspace", "capacityId": "00000000-0000-0000-0000-000000000004"}]}'
    headers:
      Access-Control-Expose-Headers:
      - RequestId
      Cache-Control:
      - no-store, must-revalidate, no-cache
      Content-Encoding:
      - gzip
      Content-Length:
      - '884'
      Content-Type:
      - application/json; charset=utf-8
      Date:
      - Mon, 29 Sep 2025 10:20:45 GMT
      Pragma:
      - no-cache
      RequestId:
      - 1ea7df49-e5c9-4b43-9c93-87a4ae4d4147
      Strict-Transport-Security:
      - max-age=31536000; includeSubDomains
      X-Content-Type-Options:
      - nosniff
      X-Frame-Options:
      - deny
      home-cluster-uri:
      - https://wabi-us-central-b-primary-redirect.analysis.windows.net/
      request-redirected:
      - 'true'
    status:
      code: 200
      message: OK
- request:
    body: null
    headers:
      Accept:
      - '*/*'
      Accept-Encoding:
      - gzip, deflate
      Connection:
      - keep-alive
      Content-Type:
      - application/json
      User-Agent:
      - ms-fabric-cli-test/1.1.0
    method: GET
    uri: https://api.fabric.microsoft.com/v1/workspaces/c9897212-6982-4dd6-bdbb-9b29e2895b4c/items
  response:
    body:
      string: '{"value": []}'
    headers:
      Access-Control-Expose-Headers:
      - RequestId
      Cache-Control:
      - no-store, must-revalidate, no-cache
      Content-Encoding:
      - gzip
      Content-Length:
      - '32'
      Content-Type:
      - application/json; charset=utf-8
      Date:
      - Mon, 29 Sep 2025 10:20:47 GMT
      Pragma:
      - no-cache
      RequestId:
      - 1106a3fb-c650-4e03-acd0-e6aab2d54a8e
      Strict-Transport-Security:
      - max-age=31536000; includeSubDomains
      X-Content-Type-Options:
      - nosniff
      X-Frame-Options:
      - deny
      home-cluster-uri:
      - https://wabi-us-central-b-primary-redirect.analysis.windows.net/
      request-redirected:
      - 'true'
    status:
      code: 200
      message: OK
- request:
    body: null
    headers:
      Accept:
      - '*/*'
      Accept-Encoding:
      - gzip, deflate
      Connection:
      - keep-alive
      Content-Length:
      - '0'
      Content-Type:
      - application/json
      User-Agent:
      - ms-fabric-cli-test/1.1.0
    method: DELETE
    uri: https://api.fabric.microsoft.com/v1/workspaces/c9897212-6982-4dd6-bdbb-9b29e2895b4c
  response:
    body:
      string: ''
    headers:
      Access-Control-Expose-Headers:
      - RequestId
      Cache-Control:
      - no-store, must-revalidate, no-cache
      Content-Encoding:
      - gzip
      Content-Length:
      - '0'
      Content-Type:
      - application/octet-stream
      Date:
      - Mon, 29 Sep 2025 10:20:48 GMT
      Pragma:
      - no-cache
      RequestId:
      - 0cf0c577-d160-4488-b9c4-8b2da06a38e1
      Strict-Transport-Security:
      - max-age=31536000; includeSubDomains
      X-Content-Type-Options:
      - nosniff
      X-Frame-Options:
      - deny
      home-cluster-uri:
      - https://wabi-us-central-b-primary-redirect.analysis.windows.net/
      request-redirected:
      - 'true'
    status:
      code: 200
      message: OK
- request:
    body: null
    headers:
      Accept:
      - '*/*'
      Accept-Encoding:
      - gzip, deflate
      Connection:
      - keep-alive
      Content-Type:
      - application/json
      User-Agent:
      - ms-fabric-cli-test/1.1.0
    method: GET
    uri: https://api.fabric.microsoft.com/v1/workspaces
  response:
    body:
      string: '{"value": [{"id": "3634a139-2c9e-4205-910b-3b089a31be47", "displayName":
        "My workspace", "description": "", "type": "Personal"}, {"id": "4eb63b65-4fbd-4008-8ded-e074c5c4230f",
        "displayName": "fabriccli_WorkspacePerTestclass_000001", "description": "Created
        by fab", "type": "Workspace", "capacityId": "00000000-0000-0000-0000-000000000004"},
        {"id": "e3b7a648-e3ed-458f-bdc2-c9721d2d04f6", "displayName": "fabcli000002",
        "description": "Created by fab", "type": "Workspace", "capacityId": "00000000-0000-0000-0000-000000000004"}]}'
    headers:
      Access-Control-Expose-Headers:
      - RequestId
      Cache-Control:
      - no-store, must-revalidate, no-cache
      Content-Encoding:
      - gzip
      Content-Length:
      - '853'
      Content-Type:
      - application/json; charset=utf-8
      Date:
      - Mon, 29 Sep 2025 10:20:50 GMT
      Pragma:
      - no-cache
      RequestId:
      - d916e7ff-6f8e-46b2-849d-c93665923e94
      Strict-Transport-Security:
      - max-age=31536000; includeSubDomains
      X-Content-Type-Options:
      - nosniff
      X-Frame-Options:
      - deny
      home-cluster-uri:
      - https://wabi-us-central-b-primary-redirect.analysis.windows.net/
      request-redirected:
      - 'true'
    status:
      code: 200
      message: OK
- request:
    body: null
    headers:
      Accept:
      - '*/*'
      Accept-Encoding:
      - gzip, deflate
      Connection:
      - keep-alive
      Content-Type:
      - application/json
      User-Agent:
      - ms-fabric-cli-test/1.1.0
    method: GET
    uri: https://api.fabric.microsoft.com/v1/workspaces/e3b7a648-e3ed-458f-bdc2-c9721d2d04f6/items
  response:
    body:
      string: '{"value": []}'
    headers:
      Access-Control-Expose-Headers:
      - RequestId
      Cache-Control:
      - no-store, must-revalidate, no-cache
      Content-Encoding:
      - gzip
      Content-Length:
      - '32'
      Content-Type:
      - application/json; charset=utf-8
      Date:
      - Mon, 29 Sep 2025 10:20:51 GMT
      Pragma:
      - no-cache
      RequestId:
      - 4153ed57-06a3-40d9-8e22-bd373f6dc2aa
      Strict-Transport-Security:
      - max-age=31536000; includeSubDomains
      X-Content-Type-Options:
      - nosniff
      X-Frame-Options:
      - deny
      home-cluster-uri:
      - https://wabi-us-central-b-primary-redirect.analysis.windows.net/
      request-redirected:
      - 'true'
    status:
      code: 200
      message: OK
- request:
    body: null
    headers:
      Accept:
      - '*/*'
      Accept-Encoding:
      - gzip, deflate
      Connection:
      - keep-alive
      Content-Length:
      - '0'
      Content-Type:
      - application/json
      User-Agent:
      - ms-fabric-cli-test/1.1.0
    method: DELETE
    uri: https://api.fabric.microsoft.com/v1/workspaces/e3b7a648-e3ed-458f-bdc2-c9721d2d04f6
  response:
    body:
      string: ''
    headers:
      Access-Control-Expose-Headers:
      - RequestId
      Cache-Control:
      - no-store, must-revalidate, no-cache
      Content-Encoding:
      - gzip
      Content-Length:
      - '0'
      Content-Type:
      - application/octet-stream
      Date:
      - Mon, 29 Sep 2025 10:20:52 GMT
      Pragma:
      - no-cache
      RequestId:
      - 8f388705-ec69-4ce2-9b56-9d44b0ad8256
      Strict-Transport-Security:
      - max-age=31536000; includeSubDomains
      X-Content-Type-Options:
      - nosniff
      X-Frame-Options:
      - deny
      home-cluster-uri:
      - https://wabi-us-central-b-primary-redirect.analysis.windows.net/
      request-redirected:
      - 'true'
    status:
      code: 200
      message: OK
version: 1
